Component: ARM Compiler 6.16 Tool: armlink [5dfeaa00]

==============================================================================

Section Cross References

    main.o(.text) refers (Special) to _printf_d.o(.ARM.Collect$$_printf_percent$$00000009) for _printf_d
    main.o(.text) refers (Special) to _printf_dec.o(.text) for _printf_int_dec
    main.o(.text) refers (Special) to _printf_percent.o(.ARM.Collect$$_printf_percent$$00000000) for _printf_percent
    main.o(.text.SysTick_Handler) refers (Special) to _printf_d.o(.ARM.Collect$$_printf_percent$$00000009) for _printf_d
    main.o(.text.SysTick_Handler) refers (Special) to _printf_dec.o(.text) for _printf_int_dec
    main.o(.text.SysTick_Handler) refers (Special) to _printf_percent.o(.ARM.Collect$$_printf_percent$$00000000) for _printf_percent
    main.o(.ARM.exidx.text.SysTick_Handler) refers (Special) to _printf_d.o(.ARM.Collect$$_printf_percent$$00000009) for _printf_d
    main.o(.ARM.exidx.text.SysTick_Handler) refers (Special) to _printf_dec.o(.text) for _printf_int_dec
    main.o(.ARM.exidx.text.SysTick_Handler) refers (Special) to _printf_percent.o(.ARM.Collect$$_printf_percent$$00000000) for _printf_percent
    main.o(.ARM.exidx.text.SysTick_Handler) refers to main.o(.text.SysTick_Handler) for [Anonymous Symbol]
    main.o(.text.amcomPacketHandler) refers (Special) to _printf_d.o(.ARM.Collect$$_printf_percent$$00000009) for _printf_d
    main.o(.text.amcomPacketHandler) refers (Special) to _printf_dec.o(.text) for _printf_int_dec
    main.o(.text.amcomPacketHandler) refers (Special) to _printf_percent.o(.ARM.Collect$$_printf_percent$$00000000) for _printf_percent
    main.o(.text.amcomPacketHandler) refers to main.o(.rodata.str1.1) for .Lstr.9
    main.o(.text.amcomPacketHandler) refers to puts.o(.text) for puts
    main.o(.text.amcomPacketHandler) refers to main.o(.bss.amcomPacketHandler.playerCounter) for amcomPacketHandler.playerCounter
    main.o(.text.amcomPacketHandler) refers to noretval__2sprintf.o(.text) for __2sprintf
    main.o(.text.amcomPacketHandler) refers to main.o(.bss.amcomPacketHandler.newgameRequestPayload.0) for amcomPacketHandler.newgameRequestPayload.0
    main.o(.text.amcomPacketHandler) refers to main.o(.bss.amcomPacketHandler.newgameRequestPayload.1) for amcomPacketHandler.newgameRequestPayload.1
    main.o(.text.amcomPacketHandler) refers to main.o(.data.first_iter_player) for first_iter_player
    main.o(.text.amcomPacketHandler) refers to main.o(.bss.amcomPacketHandler.playerupdateRequestPayload) for amcomPacketHandler.playerupdateRequestPayload
    main.o(.text.amcomPacketHandler) refers to main.o(.data.first_iter_food) for first_iter_food
    main.o(.text.amcomPacketHandler) refers to main.o(.bss.amcomPacketHandler.number_of_foods) for amcomPacketHandler.number_of_foods
    main.o(.text.amcomPacketHandler) refers to main.o(.bss.amcomPacketHandler.foodupdateRequestPayload) for amcomPacketHandler.foodupdateRequestPayload
    main.o(.text.amcomPacketHandler) refers to main.o(.bss.amcomPacketHandler.moveRequestPayload.0) for amcomPacketHandler.moveRequestPayload.0
    main.o(.text.amcomPacketHandler) refers to main.o(.bss.amcomPacketHandler.moveRequestPayload.1) for amcomPacketHandler.moveRequestPayload.1
    main.o(.text.amcomPacketHandler) refers to sqrtf.o(i.__hardfp_sqrtf) for __hardfp_sqrtf
    main.o(.text.amcomPacketHandler) refers to atan2f.o(i.__hardfp_atan2f) for __hardfp_atan2f
    main.o(.text.amcomPacketHandler) refers to main.o(.bss.amcomPacketHandler.moveResponsePayload) for amcomPacketHandler.moveResponsePayload
    main.o(.text.amcomPacketHandler) refers to amcom.o(.text.AMCOM_Serialize) for AMCOM_Serialize
    main.o(.text.amcomPacketHandler) refers to usart.o(.text.USART_WriteData) for USART_WriteData
    main.o(.ARM.exidx.text.amcomPacketHandler) refers (Special) to _printf_d.o(.ARM.Collect$$_printf_percent$$00000009) for _printf_d
    main.o(.ARM.exidx.text.amcomPacketHandler) refers (Special) to _printf_dec.o(.text) for _printf_int_dec
    main.o(.ARM.exidx.text.amcomPacketHandler) refers (Special) to _printf_percent.o(.ARM.Collect$$_printf_percent$$00000000) for _printf_percent
    main.o(.ARM.exidx.text.amcomPacketHandler) refers to main.o(.text.amcomPacketHandler) for [Anonymous Symbol]
    main.o(.text.main) refers (Special) to _printf_d.o(.ARM.Collect$$_printf_percent$$00000009) for _printf_d
    main.o(.text.main) refers (Special) to _printf_dec.o(.text) for _printf_int_dec
    main.o(.text.main) refers (Special) to _printf_percent.o(.ARM.Collect$$_printf_percent$$00000000) for _printf_percent
    main.o(.text.main) refers to stm32f4xx_hal.o(.text.HAL_Init) for HAL_Init
    main.o(.text.main) refers to usart.o(.text.USART_Init) for USART_Init
    main.o(.text.main) refers to main.o(.bss.main.amcomReceiver) for main.amcomReceiver
    main.o(.text.main) refers to main.o(.text.amcomPacketHandler) for amcomPacketHandler
[...]
    ../mathlib/atan2f.c                      0x00000000   Number         0  atan2f.o ABSOLUTE
    ../mathlib/fpclassifyf.c                 0x00000000   Number         0  fpclassifyf.o ABSOLUTE
    ../mathlib/funder.c                      0x00000000   Number         0  funder.o ABSOLUTE
    ../mathlib/sqrtf.c                       0x00000000   Number         0  sqrtf.o ABSOLUTE
    RTE/Device/STM32F429ZITx/startup_stm32f429xx.s 0x00000000   Number         0  startup_stm32f429xx.o ABSOLUTE
    amcom.c                                  0x00000000   Number         0  amcom.o ABSOLUTE
    dc.s                                     0x00000000   Number         0  dc.o ABSOLUTE
    main.c                                   0x00000000   Number         0  main.o ABSOLUTE
    retarget_io.c                            0x00000000   Number         0  retarget_io.o ABSOLUTE
    ring_buffer.c                            0x00000000   Number         0  ring_buffer.o ABSOLUTE
    stm32f4xx_hal.c                          0x00000000   Number         0  stm32f4xx_hal.o ABSOLUTE
    stm32f4xx_hal_cortex.c                   0x00000000   Number         0  stm32f4xx_hal_cortex.o ABSOLUTE
    stm32f4xx_hal_dma.c                      0x00000000   Number         0  stm32f4xx_hal_dma.o ABSOLUTE
    stm32f4xx_hal_dma_ex.c                   0x00000000   Number         0  stm32f4xx_hal_dma_ex.o ABSOLUTE
    stm32f4xx_hal_gpio.c                     0x00000000   Number         0  stm32f4xx_hal_gpio.o ABSOLUTE
    stm32f4xx_hal_pwr.c                      0x00000000   Number         0  stm32f4xx_hal_pwr.o ABSOLUTE
    stm32f4xx_hal_pwr_ex.c                   0x00000000   Number         0  stm32f4xx_hal_pwr_ex.o ABSOLUTE
    stm32f4xx_hal_rcc.c                      0x00000000   Number         0  stm32f4xx_hal_rcc.o ABSOLUTE
    stm32f4xx_hal_rcc_ex.c                   0x00000000   Number         0  stm32f4xx_hal_rcc_ex.o ABSOLUTE
    stm32f4xx_hal_uart.c                     0x00000000   Number         0  stm32f4xx_hal_uart.o ABSOLUTE
    stm32f4xx_hal_usart.c                    0x00000000   Number         0  stm32f4xx_hal_usart.o ABSOLUTE
    system_stm32f4xx.c                       0x00000000   Number         0  system_stm32f4xx.o ABSOLUTE
    usart.c                                  0x00000000   Number         0  usart.o ABSOLUTE
    RESET                                    0x08000000   Section      428  startup_stm32f429xx.o(RESET)
    !!!main                                  0x080001ac   Section        8  __main.o(!!!main)
    !!!scatter                               0x080001b4   Section       52  __scatter.o(!!!scatter)
    !!handler_copy                           0x080001e8   Section       26  __scatter_copy.o(!!handler_copy)
    !!handler_zi                             0x08000204   Section       28  __scatter_zi.o(!!handler_zi)
    .ARM.Collect$$_printf_percent$$00000000  0x08000220   Section        0  _printf_percent.o(.ARM.Collect$$_printf_percent$$00000000)
    .ARM.Collect$$_printf_percent$$00000009  0x08000220   Section        6  _printf_d.o(.ARM.Collect$$_printf_percent$$00000009)
    .ARM.Collect$$_printf_percent$$00000017  0x08000226   Section        4  _printf_percent_end.o(.ARM.Collect$$_printf_percent$$00000017)
    .ARM.Collect$$libinit$$00000000          0x0800022a   Section        2  libinit.o(.ARM.Collect$$libinit$$00000000)
    .ARM.Collect$$libinit$$00000001          0x0800022c   Section        4  libinit2.o(.ARM.Collect$$libinit$$00000001)
    .ARM.Collect$$libinit$$00000004          0x08000230   Section        0  libinit2.o(.ARM.Collect$$libinit$$00000004)
    .ARM.Collect$$libinit$$00000005          0x08000230   Section        8  libinit2.o(.ARM.Collect$$libinit$$00000005)
    .ARM.Collect$$libinit$$0000000A          0x08000238   Section        0  libinit2.o(.ARM.Collect$$libinit$$0000000A)
    .ARM.Collect$$libinit$$0000000C          0x08000238   Section        0  libinit2.o(.ARM.Collect$$libinit$$0000000C)
    .ARM.Collect$$libinit$$0000000E          0x08000238   Section        0  libinit2.o(.ARM.Collect$$libinit$$0000000E)
    .ARM.Collect$$libinit$$00000011          0x08000238   Section        0  libinit2.o(.ARM.Collect$$libinit$$00000011)
    .ARM.Collect$$libinit$$00000013          0x08000238   Section        0  libinit2.o(.ARM.Collect$$libinit$$00000013)
    .ARM.Collect$$libinit$$00000015          0x08000238   Section        0  libinit2.o(.ARM.Collect$$libinit$$00000015)
    .ARM.Collect$$libinit$$00000017          0x08000238   Section        0  libinit2.o(.ARM.Collect$$libinit$$00000017)
    .ARM.Collect$$libinit$$00000019          0x08000238   Section        0  libinit2.o(.ARM.Collect$$libinit$$00000019)
    .ARM.Collect$$libinit$$0000001B          0x08000238   Section        0  libinit2.o(.ARM.Collect$$libinit$$0000001B)
    .ARM.Collect$$libinit$$0000001D          0x08000238   Section        0  libinit2.o(.ARM.Collect$$libinit$$0000001D)
    .ARM.Collect$$libinit$$0000001F          0x08000238   Section        0  libinit2.o(.ARM.Collect$$libinit$$0000001F)
    .ARM.Collect$$libinit$$00000021          0x08000238   Section        0  libinit2.o(.ARM.Collect$$libinit$$00000021)
    .ARM.Collect$$libinit$$00000023          0x08000238   Section        0  libinit2.o(.ARM.Collect$$libinit$$00000023)
    .ARM.Collect$$libinit$$00000024          0x08000238   Section        4  libinit2.o(.ARM.Collect$$libinit$$00000024)
    .ARM.Collect$$libinit$$00000025          0x0800023c   Section        0  libinit2.o(.ARM.Collect$$libinit$$00000025)
    .ARM.Collect$$libinit$$0000002C          0x0800023c   Section        0  libinit2.o(.ARM.Collect$$libinit$$0000002C)
    .ARM.Collect$$libinit$$0000002E          0x0800023c   Section        0  libinit2.o(.ARM.Collect$$libinit$$0000002E)
    .ARM.Collect$$libinit$$00000030          0x0800023c   Section        0  libinit2.o(.ARM.Collect$$libinit$$00000030)
    .ARM.Collect$$libinit$$00000032          0x0800023c   Section        0  libinit2.o(.ARM.Collect$$libinit$$00000032)
    .ARM.Collect$$libinit$$00000033          0x0800023c   Section        2  libinit2.o(.ARM.Collect$$libinit$$00000033)
    .ARM.Collect$$libshutdown$$00000000      0x0800023e   Section        2  libshutdown.o(.ARM.Collect$$libshutdown$$00000000)
    .ARM.Collect$$libshutdown$$00000002      0x08000240   Section        0  libshutdown2.o(.ARM.Collect$$libshutdown$$00000002)
    .ARM.Collect$$libshutdown$$00000003      0x08000240   Section        4  libshutdown2.o(.ARM.Collect$$libshutdown$$00000003)
    .ARM.Collect$$libshutdown$$00000004      0x08000244   Section        0  libshutdown2.o(.ARM.Collect$$libshutdown$$00000004)
    .ARM.Collect$$libshutdown$$00000007      0x08000244   Section        0  libshutdown2.o(.ARM.Collect$$libshutdown$$00000007)
    .ARM.Collect$$libshutdown$$0000000A      0x08000244   Section        0  libshutdown2.o(.ARM.Collect$$libshutdown$$0000000A)
    .ARM.Collect$$libshutdown$$0000000C      0x08000244   Section        0  libshutdown2.o(.ARM.Collect$$libshutdown$$0000000C)
    .ARM.Collect$$libshutdown$$0000000F      0x08000244   Section        0  libshutdown2.o(.ARM.Collect$$libshutdown$$0000000F)
    .ARM.Collect$$libshutdown$$00000010      0x08000244   Section        2  libshutdown2.o(.ARM.Collect$$libshutdown$$00000010)
    .ARM.Collect$$rtentry$$00000000          0x08000246   Section        0  __rtentry.o(.ARM.Collect$$rtentry$$00000000)
    .ARM.Collect$$rtentry$$00000002          0x08000246   Section        0  __rtentry2.o(.ARM.Collect$$rtentry$$00000002)
    .ARM.Collect$$rtentry$$00000004          0x08000246   Section        6  __rtentry4.o(.ARM.Collect$$rtentry$$00000004)
    .ARM.Collect$$rtentry$$00000009          0x0800024c   Section        0  __rtentry2.o(.ARM.Collect$$rtentry$$00000009)
    .ARM.Collect$$rtentry$$0000000A          0x0800024c   Section        4  __rtentry2.o(.ARM.Collect$$rtentry$$0000000A)
    .ARM.Collect$$rtentry$$0000000C          0x08000250   Section        0  __rtentry2.o(.ARM.Collect$$rtentry$$0000000C)
    .ARM.Collect$$rtentry$$0000000D          0x08000250   Section        8  __rtentry2.o(.ARM.Collect$$rtentry$$0000000D)
    .ARM.Collect$$rtexit$$00000000           0x08000258   Section        2  rtexit.o(.ARM.Collect$$rtexit$$00000000)
    .ARM.Collect$$rtexit$$00000002           0x0800025a   Section        0  rtexit2.o(.ARM.Collect$$rtexit$$00000002)
    .ARM.Collect$$rtexit$$00000003           0x0800025a   Section        4  rtexit2.o(.ARM.Collect$$rtexit$$00000003)
    .ARM.Collect$$rtexit$$00000004           0x0800025e   Section        6  rtexit2.o(.ARM.Collect$$rtexit$$00000004)
    $v0                                      0x08000264   Number         0  startup_stm32f429xx.o(.text)
    .text                                    0x08000264   Section       64  startup_stm32f429xx.o(.text)
    .text                                    0x080002a4   Section      240  lludivv7m.o(.text)
    .text                                    0x08000394   Section        0  noretval__2printf.o(.text)
    .text                                    0x080003ac   Section        0  noretval__2sprintf.o(.text)
    .text                                    0x080003d4   Section        0  __printf.o(.text)
    .text                                    0x0800043c   Section        0  _printf_dec.o(.text)
    .text                                    0x080004b4   Section        0  puts.o(.text)
    .text                                    0x080004e0   Section        0  assert.o(.text)
    .text                                    0x08000560   Section      124  strcmpv7em.o(.text)
    .text                                    0x080005dc   Section        0  heapauxi.o(.text)
    .text                                    0x080005e2   Section        0  _rserrno.o(.text)
    .text                                    0x080005f8   Section        0  _printf_intcommon.o(.text)
    _printf_input_char                       0x080006ad   Thumb Code    10  _printf_char_common.o(.text)
    .text                                    0x080006ac   Section        0  _printf_char_common.o(.text)
    .text                                    0x080006dc   Section        0  _sputc.o(.text)
    .text                                    0x080006e8   Section        0  _printf_char_file.o(.text)
    .text                                    0x0800070c   Section        0  abort.o(.text)
    .text                                    0x08000722   Section        0  sys_wrch.o(.text)
    .text                                    0x08000730   Section        0  sys_exit.o(.text)
    .text                                    0x0800073c   Section        8  rt_errno_addr_intlibspace.o(.text)
    .text                                    0x08000744   Section        0  ferror.o(.text)
    .text                                    0x0800074c   Section        0  flsbuf.o(.text)
    .text                                    0x08000924   Section        0  initio.o(.text)
    .text                                    0x08000a5c   Section        0  defsig_abrt_outer.o(.text)
    .text                                    0x08000a6c   Section        8  libspace.o(.text)
    .text                                    0x08000a74   Section        2  use_no_semi.o(.text)
    .text                                    0x08000a76   Section        0  indicate_semi.o(.text)
    .text                                    0x08000a76   Section       74  sys_stackheap_outer.o(.text)
    .text                                    0x08000ac0   Section        0  h1_alloc.o(.text)
    .text                                    0x08000b1e   Section        0  h1_free.o(.text)
    .text                                    0x08000b6c   Section        0  setvbuf.o(.text)
    .text                                    0x08000bb4   Section        0  stdio.o(.text)
    _freopen_locked                          0x08000ca5   Thumb Code     0  fopen.o(.text)
    .text                                    0x08000ca4   Section        0  fopen.o(.text)
    .text                                    0x08000d94   Section        0  fclose.o(.text)
    .text                                    0x08000de0   Section        0  exit.o(.text)
    .text                                    0x08000df2   Section        0  defsig_exit.o(.text)
    .text                                    0x08000dfc   Section        0  defsig_abrt_inner.o(.text)
    .text                                    0x08000e2c   Section        0  defsig_rtred_outer.o(.text)
    .text                                    0x08000e3c   Section        0  assert_stdio.o(.text)
    .text                                    0x08000e54   Section       78  rt_memclr_w.o(.text)
    .text                                    0x08000ea4   Section        8  rt_heap_descriptor_intlibspace.o(.text)
    .text                                    0x08000eac   Section        0  hguard.o(.text)
    .text                                    0x08000eb0   Section        0  init_alloc.o(.text)
    .text                                    0x08000f3a   Section        0  h1_init.o(.text)
    .text                                    0x08000f48   Section        0  fflush.o(.text)
    .text                                    0x08000fac   Section        0  fputs.o(.text)
    .text                                    0x08000fd0   Section        0  fseek.o(.text)
    .text                                    0x080010c8   Section        0  defsig_general.o(.text)
    .text                                    0x080010fc   Section        0  defsig_rtred_inner.o(.text)
    .text                                    0x08001130   Section        0  maybetermalloc1.o(.text)
    .text                                    0x08001130   Section        0  h1_extend.o(.text)
    .text                                    0x08001164   Section        0  ftell.o(.text)
    .text                                    0x080011a6   Section        0  defsig_rtmem_outer.o(.text)
    .text                                    0x080011b4   Section        0  defsig_rtmem_inner.o(.text)
    [Anonymous Symbol]                       0x08001204   Section        0  amcom.o(.text.AMCOM_Deserialize)
    [Anonymous Symbol]                       0x08001348   Section        0  amcom.o(.text.AMCOM_InitReceiver)
    [Anonymous Symbol]                       0x08001350   Section        0  amcom.o(.text.AMCOM_Serialize)
    AMCOM_UpdateCRC                          0x080013b9   Thumb Code    24  amcom.o(.text.AMCOM_UpdateCRC)
    [Anonymous Symbol]                       0x080013b8   Section        0  amcom.o(.text.AMCOM_UpdateCRC)
    [Anonymous Symbol]                       0x080013d0   Section        0  stm32f4xx_hal_gpio.o(.text.HAL_GPIO_Init)
    [Anonymous Symbol]                       0x0800156c   Section        0  stm32f4xx_hal.o(.text.HAL_Init)
    [Anonymous Symbol]                       0x0800159c   Section        0  stm32f4xx_hal.o(.text.HAL_InitTick)
    [Anonymous Symbol]                       0x080015ec   Section        0  stm32f4xx_hal.o(.text.HAL_MspInit)
    [Anonymous Symbol]                       0x080015f0   Section        0  stm32f4xx_hal_cortex.o(.text.HAL_NVIC_EnableIRQ)
    [Anonymous Symbol]                       0x080015f8   Section        0  stm32f4xx_hal_cortex.o(.text.HAL_NVIC_SetPriority)
    [Anonymous Symbol]                       0x08001618   Section        0  stm32f4xx_hal_cortex.o(.text.HAL_NVIC_SetPriorityGrouping)
    [Anonymous Symbol]                       0x08001620   Section        0  stm32f4xx_hal_rcc.o(.text.HAL_RCC_GetHCLKFreq)
    [Anonymous Symbol]                       0x0800162c   Section        0  stm32f4xx_hal_rcc.o(.text.HAL_RCC_GetPCLK1Freq)
    [Anonymous Symbol]                       0x08001650   Section        0  stm32f4xx_hal_rcc.o(.text.HAL_RCC_GetPCLK2Freq)
    [Anonymous Symbol]                       0x08001674   Section        0  stm32f4xx_hal_cortex.o(.text.HAL_SYSTICK_Config)
    [Anonymous Symbol]                       0x0800167c   Section        0  stm32f4xx_hal_uart.o(.text.HAL_UART_Init)
    [Anonymous Symbol]                       0x080016dc   Section        0  usart.o(.text.HAL_UART_MspInit)
    [Anonymous Symbol]                       0x0800176c   Section        0  retarget_io.o(.text.ITM_SendChar)
    NVIC_EncodePriority                      0x0800179d   Thumb Code    44  stm32f4xx_hal_cortex.o(.text.NVIC_EncodePriority)
    [Anonymous Symbol]                       0x0800179c   Section        0  stm32f4xx_hal_cortex.o(.text.NVIC_EncodePriority)
    [Anonymous Symbol]                       0x080017c8   Section        0  ring_buffer.o(.text.RingBuffer_GetChar)
    [Anonymous Symbol]                       0x08001838   Section        0  ring_buffer.o(.text.RingBuffer_Init)
    [Anonymous Symbol]                       0x080018ac   Section        0  ring_buffer.o(.text.RingBuffer_PutChar)
    SysTick_Config                           0x08001905   Thumb Code    46  stm32f4xx_hal_cortex.o(.text.SysTick_Config)
    [Anonymous Symbol]                       0x08001904   Section        0  stm32f4xx_hal_cortex.o(.text.SysTick_Config)
    [Anonymous Symbol]                       0x08001934   Section        0  main.o(.text.SysTick_Handler)
    [Anonymous Symbol]                       0x08001938   Section        0  system_stm32f4xx.o(.text.SystemInit)
    UART_SetConfig                           0x08001955   Thumb Code   364  stm32f4xx_hal_uart.o(.text.UART_SetConfig)
    [Anonymous Symbol]                       0x08001954   Section        0  stm32f4xx_hal_uart.o(.text.UART_SetConfig)
    [Anonymous Symbol]                       0x08001ac0   Section        0  usart.o(.text.USART1_IRQHandler)
    [Anonymous Symbol]                       0x08001b44   Section        0  usart.o(.text.USART_Init)
    [Anonymous Symbol]                       0x08001bd8   Section        0  usart.o(.text.USART_PutChar)
    [Anonymous Symbol]                       0x08001c08   Section        0  usart.o(.text.USART_ReadData)
    [Anonymous Symbol]                       0x08001c40   Section        0  usart.o(.text.USART_WriteData)
    __NVIC_EnableIRQ                         0x08001c65   Thumb Code    32  stm32f4xx_hal_cortex.o(.text.__NVIC_EnableIRQ)
    [Anonymous Symbol]                       0x08001c64   Section        0  stm32f4xx_hal_cortex.o(.text.__NVIC_EnableIRQ)
    __NVIC_GetPriorityGrouping               0x08001c85   Thumb Code    16  stm32f4xx_hal_cortex.o(.text.__NVIC_GetPriorityGrouping)
    [Anonymous Symbol]                       0x08001c84   Section        0  stm32f4xx_hal_cortex.o(.text.__NVIC_GetPriorityGrouping)
    __NVIC_SetPriority                       0x08001c95   Thumb Code    34  stm32f4xx_hal_cortex.o(.text.__NVIC_SetPriority)
    [Anonymous Symbol]                       0x08001c94   Section        0  stm32f4xx_hal_cortex.o(.text.__NVIC_SetPriority)
    __NVIC_SetPriorityGrouping               0x08001cb9   Thumb Code    32  stm32f4xx_hal_cortex.o(.text.__NVIC_SetPriorityGrouping)
    [Anonymous Symbol]                       0x08001cb8   Section        0  stm32f4xx_hal_cortex.o(.text.__NVIC_SetPriorityGrouping)
    [Anonymous Symbol]                       0x08001cd8   Section        0  retarget_io.o(.text._sys_close)
    [Anonymous Symbol]                       0x08001cec   Section        0  retarget_io.o(.text._sys_flen)
    [Anonymous Symbol]                       0x08001cf0   Section        0  retarget_io.o(.text._sys_istty)
    [Anonymous Symbol]                       0x08001d00   Section        0  retarget_io.o(.text._sys_open)
    [Anonymous Symbol]                       0x08001d64   Section        0  retarget_io.o(.text._sys_seek)
    [Anonymous Symbol]                       0x08001d6c   Section        0  retarget_io.o(.text._sys_write)
    [Anonymous Symbol]                       0x08001d9c   Section        0  main.o(.text.amcomPacketHandler)
    [Anonymous Symbol]                       0x0800224c   Section        0  main.o(.text.main)
    stdout_putchar                           0x08002291   Thumb Code     8  retarget_io.o(.text.stdout_putchar)
    [Anonymous Symbol]                       0x08002290   Section        0  retarget_io.o(.text.stdout_putchar)
    i.__ARM_fpclassifyf                      0x08002298   Section        0  fpclassifyf.o(i.__ARM_fpclassifyf)
    i.__hardfp_atan2f                        0x080022c0   Section        0  atan2f.o(i.__hardfp_atan2f)
    i.__hardfp_sqrtf                         0x0800256c   Section        0  sqrtf.o(i.__hardfp_sqrtf)
    i.__mathlib_flt_infnan2                  0x080025a6   Section        0  funder.o(i.__mathlib_flt_infnan2)
    i.__mathlib_flt_underflow                0x080025ac   Section        0  funder.o(i.__mathlib_flt_underflow)
    i.fputc                                  0x080025bc   Section        0  fputc.o(i.fputc)
    $v0                                      0x080025d6   Number         0  fpinit.o(x$fpl$fpinit)
    x$fpl$fpinit                             0x080025d6   Section       26  fpinit.o(x$fpl$fpinit)
    x$fpl$usenofp                            0x080025f0   Section        0  usenofp.o(x$fpl$usenofp)
    .Lstr.9                                  0x0800260f   Data          56  main.o(.rodata.str1.1)
    [Anonymous Symbol]                       0x0800260f   Section        0  main.o(.rodata.str1.1)
    .L.str.1                                 0x08002647   Data          26  ring_buffer.o(.rodata.str1.1)
    [Anonymous Symbol]                       0x08002647   Section        0  ring_buffer.o(.rodata.str1.1)
    .L.str                                   0x08002661   Data          11  ring_buffer.o(.rodata.str1.1)
    .data                                    0x20000000   Section        4  stdio_streams.o(.data)
    .data                                    0x20000004   Section        4  stdio_streams.o(.data)
    .data                                    0x20000008   Section        4  stdio_streams.o(.data)
    .bss                                     0x20000018   Section       84  stdio_streams.o(.bss)
    .bss                                     0x2000006c   Section       84  stdio_streams.o(.bss)
    .bss                                     0x200000c0   Section       84  stdio_streams.o(.bss)
    .bss                                     0x20000114   Section       96  libspace.o(.bss)
    RingBufferData_Rx                        0x20000174   Data        1024  usart.o(.bss.RingBufferData_Rx)
    [Anonymous Symbol]                       0x20000174   Section        0  usart.o(.bss.RingBufferData_Rx)
    RingBufferData_Tx                        0x20000574   Data        1024  usart.o(.bss.RingBufferData_Tx)
    [Anonymous Symbol]                       0x20000574   Section        0  usart.o(.bss.RingBufferData_Tx)
    USART_RingBuffer_Rx                      0x20000974   Data          20  usart.o(.bss.USART_RingBuffer_Rx)
    [Anonymous Symbol]                       0x20000974   Section        0  usart.o(.bss.USART_RingBuffer_Rx)
    USART_RingBuffer_Tx                      0x20000988   Data          20  usart.o(.bss.USART_RingBuffer_Tx)
    [Anonymous Symbol]                       0x20000988   Section        0  usart.o(.bss.USART_RingBuffer_Tx)
    UartHandle                               0x2000099c   Data          64  usart.o(.bss.UartHandle)
    [Anonymous Symbol]                       0x2000099c   Section        0  usart.o(.bss.UartHandle)
    amcomPacketHandler.foodupdateRequestPayload 0x200009dc   Data         176  main.o(.bss.amcomPacketHandler.foodupdateRequestPayload)
    [Anonymous Symbol]                       0x200009dc   Section        0  main.o(.bss.amcomPacketHandler.foodupdateRequestPayload)
    amcomPacketHandler.moveRequestPayload.0  0x20000a8c   Data           4  main.o(.bss.amcomPacketHandler.moveRequestPayload.0)
    [Anonymous Symbol]                       0x20000a8c   Section        0  main.o(.bss.amcomPacketHandler.moveRequestPayload.0)
    amcomPacketHandler.moveRequestPayload.1  0x20000a90   Data           4  main.o(.bss.amcomPacketHandler.moveRequestPayload.1)
    [Anonymous Symbol]                       0x20000a90   Section        0  main.o(.bss.amcomPacketHandler.moveRequestPayload.1)
    amcomPacketHandler.moveResponsePayload   0x20000a94   Data           4  main.o(.bss.amcomPacketHandler.moveResponsePayload)
    [Anonymous Symbol]                       0x20000a94   Section        0  main.o(.bss.amcomPacketHandler.moveResponsePayload)
    amcomPacketHandler.newgameRequestPayload.0 0x20000a98   Data           1  main.o(.bss.amcomPacketHandler.newgameRequestPayload.0)
    [Anonymous Symbol]                       0x20000a98   Section        0  main.o(.bss.amcomPacketHandler.newgameRequestPayload.0)
    amcomPacketHandler.newgameRequestPayload.1 0x20000a99   Data           1  main.o(.bss.amcomPacketHandler.newgameRequestPayload.1)
    [Anonymous Symbol]                       0x20000a99   Section        0  main.o(.bss.amcomPacketHandler.newgameRequestPayload.1)
    amcomPacketHandler.number_of_foods       0x20000a9c   Data           4  main.o(.bss.amcomPacketHandler.number_of_foods)
    [Anonymous Symbol]                       0x20000a9c   Section        0  main.o(.bss.amcomPacketHandler.number_of_foods)
    amcomPacketHandler.playerCounter         0x20000aa0   Data           4  main.o(.bss.amcomPacketHandler.playerCounter)
    [Anonymous Symbol]                       0x20000aa0   Section        0  main.o(.bss.amcomPacketHandler.playerCounter)
    amcomPacketHandler.playerupdateRequestPayload 0x20000aa4   Data          88  main.o(.bss.amcomPacketHandler.playerupdateRequestPayload)
    [Anonymous Symbol]                       0x20000aa4   Section        0  main.o(.bss.amcomPacketHandler.playerupdateRequestPayload)
    main.amcomReceiver                       0x20000afc   Data         224  main.o(.bss.main.amcomReceiver)
    [Anonymous Symbol]                       0x20000afc   Section        0  main.o(.bss.main.amcomReceiver)
    main.buf                                 0x20000bdc   Data         512  main.o(.bss.main.buf)
    [Anonymous Symbol]                       0x20000bdc   Section        0  main.o(.bss.main.buf)
    Heap_Mem                                 0x20000de0   Data         512  startup_stm32f429xx.o(HEAP)
    HEAP                                     0x20000de0   Section      512  startup_stm32f429xx.o(HEAP)
    Stack_Mem                                0x20000fe0   Data        2048  startup_stm32f429xx.o(STACK)
    STACK                                    0x20000fe0   Section     2048  startup_stm32f429xx.o(STACK)
    __initial_sp                             0x200017e0   Data           0  startup_stm32f429xx.o(STACK)

    Global Symbols

    Symbol Name                              Value     Ov Type        Size  Object(Section)

    BuildAttributes$$THM_ISAv4$E$P$D$K$B$S$7EM$VFPi3$EXTD16$VFPS$VFMA$PE$A:L22UL41UL21$X:L11$S22US41US21$IEEE1$IW$~IW$USESV6$~STKCKD$USESV7$~SHL$OTIME$ROPI$IEEEX$EBA8$UX$STANDARDLIB$REQ8$PRES8$EABIv2 0x00000000   Number         0  anon$$obj.o ABSOLUTE
    __ARM_exceptions_init                     - Undefined Weak Reference
    __alloca_initialize                       - Undefined Weak Reference
    __arm_preinit_                            - Undefined Weak Reference
    __cpp_initialize__aeabi_                  - Undefined Weak Reference
    __cxa_finalize                            - Undefined Weak Reference
    __rt_locale                               - Undefined Weak Reference
    __sigvec_lookup                           - Undefined Weak Reference
    __user_heap_extent                        - Undefined Weak Reference
    _atexit_init                              - Undefined Weak Reference
    _call_atexit_fns                          - Undefined Weak Reference
    _clock_init                               - Undefined Weak Reference
    _fp_trap_init                             - Undefined Weak Reference
    _fp_trap_shutdown                         - Undefined Weak Reference
    _get_lc_collate                           - Undefined Weak Reference
    _get_lc_ctype                             - Undefined Weak Reference
    _get_lc_monetary                          - Undefined Weak Reference
    _get_lc_numeric                           - Undefined Weak Reference
    _get_lc_time                              - Undefined Weak Reference
    _getenv_init                              - Undefined Weak Reference
    _handle_redirection                       - Undefined Weak Reference
    _mutex_acquire                            - Undefined Weak Reference
    _mutex_free                               - Undefined Weak Reference
    _mutex_release                            - Undefined Weak Reference
    _printf_post_padding                      - Undefined Weak Reference
    _printf_pre_padding                       - Undefined Weak Reference
    _printf_truncate_signed                   - Undefined Weak Reference
    _printf_truncate_unsigned                 - Undefined Weak Reference
    _rand_init                                - Undefined Weak Reference
    _signal_finish                            - Undefined Weak Reference
    _signal_init                              - Undefined Weak Reference
    __Vectors_Size                           0x000001ac   Number         0  startup_stm32f429xx.o ABSOLUTE
    __Vectors                                0x08000000   Data           4  startup_stm32f429xx.o(RESET)
    __Vectors_End                            0x080001ac   Data           0  startup_stm32f429xx.o(RESET)
    __main                                   0x080001ad   Thumb Code     8  __main.o(!!!main)
    __scatterload                            0x080001b5   Thumb Code     0  __scatter.o(!!!scatter)
    __scatterload_rt2                        0x080001b5   Thumb Code    44  __scatter.o(!!!scatter)
    __scatterload_rt2_thumb_only             0x080001b5   Thumb Code     0  __scatter.o(!!!scatter)
    __scatterload_null                       0x080001c3   Thumb Code     0  __scatter.o(!!!scatter)
    __scatterload_copy                       0x080001e9   Thumb Code    26  __scatter_copy.o(!!handler_copy)
    __scatterload_zeroinit                   0x08000205   Thumb Code    28  __scatter_zi.o(!!handler_zi)
    _printf_d                                0x08000221   Thumb Code     0  _printf_d.o(.ARM.Collect$$_printf_percent$$00000009)
    _printf_percent                          0x08000221   Thumb Code     0  _printf_percent.o(.ARM.Collect$$_printf_percent$$00000000)
    _printf_percent_end                      0x08000227   Thumb Code     0  _printf_percent_end.o(.ARM.Collect$$_printf_percent$$00000017)
    __rt_lib_init                            0x0800022b   Thumb Code     0  libinit.o(.ARM.Collect$$libinit$$00000000)
    __rt_lib_init_fp_1                       0x0800022d   Thumb Code     0  libinit2.o(.ARM.Collect$$libinit$$00000001)
    __rt_lib_init_heap_2                     0x08000231   Thumb Code     0  libinit2.o(.ARM.Collect$$libinit$$00000005)
    __rt_lib_init_preinit_1                  0x08000231   Thumb Code     0  libinit2.o(.ARM.Collect$$libinit$$00000004)
    __rt_lib_init_atexit_1                   0x08000239   Thumb Code     0  libinit2.o(.ARM.Collect$$libinit$$0000001B)
    __rt_lib_init_clock_1                    0x08000239   Thumb Code     0  libinit2.o(.ARM.Collect$$libinit$$00000021)
    __rt_lib_init_fp_trap_1                  0x08000239   Thumb Code     0  libinit2.o(.ARM.Collect$$libinit$$0000001F)
    __rt_lib_init_getenv_1                   0x08000239   Thumb Code     0  libinit2.o(.ARM.Collect$$libinit$$00000023)
    __rt_lib_init_heap_1                     0x08000239   Thumb Code     0  libinit2.o(.ARM.Collect$$libinit$$0000000A)
    __rt_lib_init_lc_collate_1               0x08000239   Thumb Code     0  libinit2.o(.ARM.Collect$$libinit$$00000011)
    __rt_lib_init_lc_ctype_1                 0x08000239   Thumb Code     0  libinit2.o(.ARM.Collect$$libinit$$00000013)
    __rt_lib_init_lc_monetary_1              0x08000239   Thumb Code     0  libinit2.o(.ARM.Collect$$libinit$$00000015)
    __rt_lib_init_lc_numeric_1               0x08000239   Thumb Code     0  libinit2.o(.ARM.Collect$$libinit$$00000017)
    __rt_lib_init_lc_time_1                  0x08000239   Thumb Code     0  libinit2.o(.ARM.Collect$$libinit$$00000019)
    __rt_lib_init_rand_1                     0x08000239   Thumb Code     0  libinit2.o(.ARM.Collect$$libinit$$0000000E)
    __rt_lib_init_signal_1                   0x08000239   Thumb Code     0  libinit2.o(.ARM.Collect$$libinit$$0000001D)
    __rt_lib_init_stdio_2                    0x08000239   Thumb Code     0  libinit2.o(.ARM.Collect$$libinit$$00000024)
    __rt_lib_init_user_alloc_1               0x08000239   Thumb Code     0  libinit2.o(.ARM.Collect$$libinit$$0000000C)
    __rt_lib_init_alloca_1                   0x0800023d   Thumb Code     0  libinit2.o(.ARM.Collect$$libinit$$0000002E)
    __rt_lib_init_argv_1                     0x0800023d   Thumb Code     0  libinit2.o(.ARM.Collect$$libinit$$0000002C)
    __rt_lib_init_cpp_1                      0x0800023d   Thumb Code     0  libinit2.o(.ARM.Collect$$libinit$$00000032)
    __rt_lib_init_exceptions_1               0x0800023d   Thumb Code     0  libinit2.o(.ARM.Collect$$libinit$$00000030)
    __rt_lib_init_return                     0x0800023d   Thumb Code     0  libinit2.o(.ARM.Collect$$libinit$$00000033)
    __rt_lib_init_stdio_1                    0x0800023d   Thumb Code     0  libinit2.o(.ARM.Collect$$libinit$$00000025)
    __rt_lib_shutdown                        0x0800023f   Thumb Code     0  libshutdown.o(.ARM.Collect$$libshutdown$$00000000)
    __rt_lib_shutdown_cpp_1                  0x08000241   Thumb Code     0  libshutdown2.o(.ARM.Collect$$libshutdown$$00000002)
    __rt_lib_shutdown_stdio_2                0x08000241   Thumb Code     0  libshutdown2.o(.ARM.Collect$$libshutdown$$00000003)
    __rt_lib_shutdown_fp_trap_1              0x08000245   Thumb Code     0  libshutdown2.o(.ARM.Collect$$libshutdown$$00000007)
    __rt_lib_shutdown_heap_1                 0x08000245   Thumb Code     0  libshutdown2.o(.ARM.Collect$$libshutdown$$0000000F)
    __rt_lib_shutdown_return                 0x08000245   Thumb Code     0  libshutdown2.o(.ARM.Collect$$libshutdown$$00000010)
    __rt_lib_shutdown_signal_1               0x08000245   Thumb Code     0  libshutdown2.o(.ARM.Collect$$libshutdown$$0000000A)
    __rt_lib_shutdown_stdio_1                0x08000245   Thumb Code     0  libshutdown2.o(.ARM.Collect$$libshutdown$$00000004)
    __rt_lib_shutdown_user_alloc_1           0x08000245   Thumb Code     0  libshutdown2.o(.ARM.Collect$$libshutdown$$0000000C)
    __rt_entry                               0x08000247   Thumb Code     0  __rtentry.o(.ARM.Collect$$rtentry$$00000000)
    __rt_entry_presh_1                       0x08000247   Thumb Code     0  __rtentry2.o(.ARM.Collect$$rtentry$$00000002)
    __rt_entry_sh                            0x08000247   Thumb Code     0  __rtentry4.o(.ARM.Collect$$rtentry$$00000004)
    __rt_entry_li                            0x0800024d   Thumb Code     0  __rtentry2.o(.ARM.Collect$$rtentry$$0000000A)
    __rt_entry_postsh_1                      0x0800024d   Thumb Code     0  __rtentry2.o(.ARM.Collect$$rtentry$$00000009)
    __rt_entry_main                          0x08000251   Thumb Code     0  __rtentry2.o(.ARM.Collect$$rtentry$$0000000D)
    __rt_entry_postli_1                      0x08000251   Thumb Code     0  __rtentry2.o(.ARM.Collect$$rtentry$$0000000C)
    __rt_exit                                0x08000259   Thumb Code     0  rtexit.o(.ARM.Collect$$rtexit$$00000000)
    __rt_exit_ls                             0x0800025b   Thumb Code     0  rtexit2.o(.ARM.Collect$$rtexit$$00000003)
    __rt_exit_prels_1                        0x0800025b   Thumb Code     0  rtexit2.o(.ARM.Collect$$rtexit$$00000002)
    __rt_exit_exit                           0x0800025f   Thumb Code     0  rtexit2.o(.ARM.Collect$$rtexit$$00000004)
    Reset_Handler                            0x08000265   Thumb Code     8  startup_stm32f429xx.o(.text)
    NMI_Handler                              0x0800026d   Thumb Code     2  startup_stm32f429xx.o(.text)
    HardFault_Handler                        0x0800026f   Thumb Code     2  startup_stm32f429xx.o(.text)
    MemManage_Handler                        0x08000271   Thumb Code     2  startup_stm32f429xx.o(.text)
    BusFault_Handler                         0x08000273   Thumb Code     2  startup_stm32f429xx.o(.text)
    UsageFault_Handler                       0x08000275   Thumb Code     2  startup_stm32f429xx.o(.text)
    SVC_Handler                              0x08000277   Thumb Code     2  startup_stm32f429xx.o(.text)
    DebugMon_Handler                         0x08000279   Thumb Code     2  startup_stm32f429xx.o(.text)
    PendSV_Handler                           0x0800027b   Thumb Code     2  startup_stm32f429xx.o(.text)
    ADC_IRQHandler                           0x0800027f   Thumb Code     0  startup_stm32f429xx.o(.text)
    CAN1_RX0_IRQHandler                      0x0800027f   Thumb Code     0  startup_stm32f429xx.o(.text)
    CAN1_RX1_IRQHandler                      0x0800027f   Thumb Code     0  startup_stm32f429xx.o(.text)
    CAN1_SCE_IRQHandler                      0x0800027f   Thumb Code     0  startup_stm32f429xx.o(.text)
    CAN1_TX_IRQHandler                       0x0800027f   Thumb Code     0  startup_stm32f429xx.o(.text)
    CAN2_RX0_IRQHandler                      0x0800027f   Thumb Code     0  startup_stm32f429xx.o(.text)
    CAN2_RX1_IRQHandler                      0x0800027f   Thumb Code     0  startup_stm32f429xx.o(.text)
    CAN2_SCE_IRQHandler                      0x0800027f   Thumb Code     0  startup_stm32f429xx.o(.text)
    CAN2_TX_IRQHandler                       0x0800027f   Thumb Code     0  startup_stm32f429xx.o(.text)
    DCMI_IRQHandler                          0x0800027f   Thumb Code     0  startup_stm32f429xx.o(.text)
    DMA1_Stream0_IRQHandler                  0x0800027f   Thumb Code     0  startup_stm32f429xx.o(.text)
    DMA1_Stream1_IRQHandler                  0x0800027f   Thumb Code     0  startup_stm32f429xx.o(.text)
    DMA1_Stream2_IRQHandler                  0x0800027f   Thumb Code     0  startup_stm32f429xx.o(.text)
    DMA1_Stream3_IRQHandler                  0x0800027f   Thumb Code     0  startup_stm32f429xx.o(.text)
    DMA1_Stream4_IRQHandler                  0x0800027f   Thumb Code     0  startup_stm32f429xx.o(.text)
    DMA1_Stream5_IRQHandler                  0x0800027f   Thumb Code     0  startup_stm32f429xx.o(.text)
    DMA1_Stream6_IRQHandler                  0x0800027f   Thumb Code     0  startup_stm32f429xx.o(.text)
    DMA1_Stream7_IRQHandler                  0x0800027f   Thumb Code     0  startup_stm32f429xx.o(.text)
    DMA2D_IRQHandler                         0x0800027f   Thumb Code     0  startup_stm32f429xx.o(.text)
    DMA2_Stream0_IRQHandler                  0x0800027f   Thumb Code     0  startup_stm32f429xx.o(.text)
    DMA2_Stream1_IRQHandler                  0x0800027f   Thumb Code     0  startup_stm32f429xx.o(.text)
    DMA2_Stream2_IRQHandler                  0x0800027f   Thumb Code     0  startup_stm32f429xx.o(.text)
    DMA2_Stream3_IRQHandler                  0x0800027f   Thumb Code     0  startup_stm32f429xx.o(.text)
    DMA2_Stream4_IRQHandler                  0x0800027f   Thumb Code     0  startup_stm32f429xx.o(.text)
    DMA2_Stream5_IRQHandler                  0x0800027f   Thumb Code     0  startup_stm32f429xx.o(.text)
    DMA2_Stream6_IRQHandler                  0x0800027f   Thumb Code     0  startup_stm32f429xx.o(.text)
    DMA2_Stream7_IRQHandler                  0x0800027f   Thumb Code     0  startup_stm32f429xx.o(.text)
    ETH_IRQHandler                           0x0800027f   Thumb Code     0  startup_stm32f429xx.o(.text)
    ETH_WKUP_IRQHandler                      0x0800027f   Thumb Code     0  startup_stm32f429xx.o(.text)
    EXTI0_IRQHandler                         0x0800027f   Thumb Code     0  startup_stm32f429xx.o(.text)
    EXTI15_10_IRQHandler                     0x0800027f   Thumb Code     0  startup_stm32f429xx.o(.text)
    EXTI1_IRQHandler                         0x0800027f   Thumb Code     0  startup_stm32f429xx.o(.text)
    EXTI2_IRQHandler                         0x0800027f   Thumb Code     0  startup_stm32f429xx.o(.text)
    EXTI3_IRQHandler                         0x0800027f   Thumb Code     0  startup_stm32f429xx.o(.text)
    EXTI4_IRQHandler                         0x0800027f   Thumb Code     0  startup_stm32f429xx.o(.text)
    EXTI9_5_IRQHandler                       0x0800027f   Thumb Code     0  startup_stm32f429xx.o(.text)
    FLASH_IRQHandler                         0x0800027f   Thumb Code     0  startup_stm32f429xx.o(.text)
    FMC_IRQHandler                           0x0800027f   Thumb Code     0  startup_stm32f429xx.o(.text)
    FPU_IRQHandler                           0x0800027f   Thumb Code     0  startup_stm32f429xx.o(.text)
    HASH_RNG_IRQHandler                      0x0800027f   Thumb Code     0  startup_stm32f429xx.o(.text)
    I2C1_ER_IRQHandler                       0x0800027f   Thumb Code     0  startup_stm32f429xx.o(.text)
    I2C1_EV_IRQHandler                       0x0800027f   Thumb Code     0  startup_stm32f429xx.o(.text)
    I2C2_ER_IRQHandler                       0x0800027f   Thumb Code     0  startup_stm32f429xx.o(.text)
    I2C2_EV_IRQHandler                       0x0800027f   Thumb Code     0  startup_stm32f429xx.o(.text)
    I2C3_ER_IRQHandler                       0x0800027f   Thumb Code     0  startup_stm32f429xx.o(.text)
    I2C3_EV_IRQHandler                       0x0800027f   Thumb Code     0  startup_stm32f429xx.o(.text)
    LTDC_ER_IRQHandler                       0x0800027f   Thumb Code     0  startup_stm32f429xx.o(.text)
    LTDC_IRQHandler                          0x0800027f   Thumb Code     0  startup_stm32f429xx.o(.text)
    OTG_FS_IRQHandler                        0x0800027f   Thumb Code     0  startup_stm32f429xx.o(.text)
    OTG_FS_WKUP_IRQHandler                   0x0800027f   Thumb Code     0  startup_stm32f429xx.o(.text)
    OTG_HS_EP1_IN_IRQHandler                 0x0800027f   Thumb Code     0  startup_stm32f429xx.o(.text)
    OTG_HS_EP1_OUT_IRQHandler                0x0800027f   Thumb Code     0  startup_stm32f429xx.o(.text)
    OTG_HS_IRQHandler                        0x0800027f   Thumb Code     0  startup_stm32f429xx.o(.text)
    OTG_HS_WKUP_IRQHandler                   0x0800027f   Thumb Code     0  startup_stm32f429xx.o(.text)
    PVD_IRQHandler                           0x0800027f   Thumb Code     0  startup_stm32f429xx.o(.text)
    RCC_IRQHandler                           0x0800027f   Thumb Code     0  startup_stm32f429xx.o(.text)
    RTC_Alarm_IRQHandler                     0x0800027f   Thumb Code     0  startup_stm32f429xx.o(.text)
    RTC_WKUP_IRQHandler                      0x0800027f   Thumb Code     0  startup_stm32f429xx.o(.text)
    SAI1_IRQHandler                          0x0800027f   Thumb Code     0  startup_stm32f429xx.o(.text)
    SDIO_IRQHandler                          0x0800027f   Thumb Code     0  startup_stm32f429xx.o(.text)
    SPI1_IRQHandler                          0x0800027f   Thumb Code     0  startup_stm32f429xx.o(.text)
    SPI2_IRQHandler                          0x0800027f   Thumb Code     0  startup_stm32f429xx.o(.text)
    SPI3_IRQHandler                          0x0800027f   Thumb Code     0  startup_stm32f429xx.o(.text)
    SPI4_IRQHandler                          0x0800027f   Thumb Code     0  startup_stm32f429xx.o(.text)
    SPI5_IRQHandler                          0x0800027f   Thumb Code     0  startup_stm32f429xx.o(.text)
    SPI6_IRQHandler                          0x0800027f   Thumb Code     0  startup_stm32f429xx.o(.text)
    TAMP_STAMP_IRQHandler                    0x0800027f   Thumb Code     0  startup_stm32f429xx.o(.text)
    TIM1_BRK_TIM9_IRQHandler                 0x0800027f   Thumb Code     0  startup_stm32f429xx.o(.text)
    TIM1_CC_IRQHandler                       0x0800027f   Thumb Code     0  startup_stm32f429xx.o(.text)
    TIM1_TRG_COM_TIM11_IRQHandler            0x0800027f   Thumb Code     0  startup_stm32f429xx.o(.text)
    TIM1_UP_TIM10_IRQHandler                 0x0800027f   Thumb Code     0  startup_stm32f429xx.o(.text)
    TIM2_IRQHandler                          0x0800027f   Thumb Code     0  startup_stm32f429xx.o(.text)
    TIM3_IRQHandler                          0x0800027f   Thumb Code     0  startup_stm32f429xx.o(.text)
    TIM4_IRQHandler                          0x0800027f   Thumb Code     0  startup_stm32f429xx.o(.text)
    TIM5_IRQHandler                          0x0800027f   Thumb Code     0  startup_stm32f429xx.o(.text)
    TIM6_DAC_IRQHandler                      0x0800027f   Thumb Code     0  startup_stm32f429xx.o(.text)
    TIM7_IRQHandler                          0x0800027f   Thumb Code     0  startup_stm32f429xx.o(.text)
    TIM8_BRK_TIM12_IRQHandler                0x0800027f   Thumb Code     0  startup_stm32f429xx.o(.text)
    TIM8_CC_IRQHandler                       0x0800027f   Thumb Code     0  startup_stm32f429xx.o(.text)
    TIM8_TRG_COM_TIM14_IRQHandler            0x0800027f   Thumb Code     0  startup_stm32f429xx.o(.text)
    TIM8_UP_TIM13_IRQHandler                 0x0800027f   Thumb Code     0  startup_stm32f429xx.o(.text)
    UART4_IRQHandler                         0x0800027f   Thumb Code     0  startup_stm32f429xx.o(.text)
    UART5_IRQHandler                         0x0800027f   Thumb Code     0  startup_stm32f429xx.o(.text)
    UART7_IRQHandler                         0x0800027f   Thumb Code     0  startup_stm32f429xx.o(.text)
    UART8_IRQHandler                         0x0800027f   Thumb Code     0  startup_stm32f429xx.o(.text)
    USART2_IRQHandler                        0x0800027f   Thumb Code     0  startup_stm32f429xx.o(.text)
    USART3_IRQHandler                        0x0800027f   Thumb Code     0  startup_stm32f429xx.o(.text)
    USART6_IRQHandler                        0x0800027f   Thumb Code     0  startup_stm32f429xx.o(.text)
    WWDG_IRQHandler                          0x0800027f   Thumb Code     0  startup_stm32f429xx.o(.text)
    __user_initial_stackheap                 0x08000281   Thumb Code     0  startup_stm32f429xx.o(.text)
    __aeabi_uldivmod                         0x080002a5   Thumb Code     0  lludivv7m.o(.text)
    _ll_udiv                                 0x080002a5   Thumb Code   240  lludivv7m.o(.text)
    __2printf                                0x08000395   Thumb Code    20  noretval__2printf.o(.text)
    __2sprintf                               0x080003ad   Thumb Code    34  noretval__2sprintf.o(.text)
    __printf                                 0x080003d5   Thumb Code   104  __printf.o(.text)
    _printf_int_dec                          0x0800043d   Thumb Code   104  _printf_dec.o(.text)
    puts                                     0x080004b5   Thumb Code    40  puts.o(.text)
    __aeabi_assert                           0x080004e1   Thumb Code    86  assert.o(.text)
    __assert                                 0x080004e1   Thumb Code     0  assert.o(.text)
    strcmp                                   0x08000561   Thumb Code   124  strcmpv7em.o(.text)
    __use_two_region_memory                  0x080005dd   Thumb Code     2  heapauxi.o(.text)
    __rt_heap_escrow                         0x080005df   Thumb Code     2  heapauxi.o(.text)
    __rt_heap_expand                         0x080005e1   Thumb Code     2  heapauxi.o(.text)
    __read_errno                             0x080005e3   Thumb Code    10  _rserrno.o(.text)
    __set_errno                              0x080005ed   Thumb Code    12  _rserrno.o(.text)
    _printf_int_common                       0x080005f9   Thumb Code   178  _printf_intcommon.o(.text)
    _printf_char_common                      0x080006b7   Thumb Code    32  _printf_char_common.o(.text)
    _sputc                                   0x080006dd   Thumb Code    10  _sputc.o(.text)
    _printf_char_file                        0x080006e9   Thumb Code    32  _printf_char_file.o(.text)
    abort                                    0x0800070d   Thumb Code    22  abort.o(.text)
    _ttywrch                                 0x08000723   Thumb Code    14  sys_wrch.o(.text)
    _sys_exit                                0x08000731   Thumb Code     8  sys_exit.o(.text)
    __aeabi_errno_addr                       0x0800073d   Thumb Code     8  rt_errno_addr_intlibspace.o(.text)
    __errno$intlibspace                      0x0800073d   Thumb Code     0  rt_errno_addr_intlibspace.o(.text)
    __rt_errno_addr$intlibspace              0x0800073d   Thumb Code     0  rt_errno_addr_intlibspace.o(.text)
    ferror                                   0x08000745   Thumb Code     8  ferror.o(.text)
    __flsbuf                                 0x0800074d   Thumb Code   470  flsbuf.o(.text)
    __flsbuf_byte                            0x0800074d   Thumb Code     0  flsbuf.o(.text)
    __flsbuf_wide                            0x0800074d   Thumb Code     0  flsbuf.o(.text)
    _initio                                  0x08000925   Thumb Code   210  initio.o(.text)
    _terminateio                             0x080009f7   Thumb Code    56  initio.o(.text)
    __rt_SIGABRT                             0x08000a5d   Thumb Code    14  defsig_abrt_outer.o(.text)
    __user_libspace                          0x08000a6d   Thumb Code     8  libspace.o(.text)
    __user_perproc_libspace                  0x08000a6d   Thumb Code     0  libspace.o(.text)
    __user_perthread_libspace                0x08000a6d   Thumb Code     0  libspace.o(.text)
    __I$use$semihosting                      0x08000a75   Thumb Code     0  use_no_semi.o(.text)
    __use_no_semihosting_swi                 0x08000a75   Thumb Code     2  use_no_semi.o(.text)
    __semihosting_library_function           0x08000a77   Thumb Code     0  indicate_semi.o(.text)
    __user_setup_stackheap                   0x08000a77   Thumb Code    74  sys_stackheap_outer.o(.text)
    malloc                                   0x08000ac1   Thumb Code    94  h1_alloc.o(.text)
    free                                     0x08000b1f   Thumb Code    78  h1_free.o(.text)
    setvbuf                                  0x08000b6d   Thumb Code    70  setvbuf.o(.text)
    _seterr                                  0x08000bb5   Thumb Code    20  stdio.o(.text)
    _writebuf                                0x08000bc9   Thumb Code    84  stdio.o(.text)
    _fflush                                  0x08000c1d   Thumb Code    70  stdio.o(.text)
    _deferredlazyseek                        0x08000c63   Thumb Code    60  stdio.o(.text)
    freopen                                  0x08000ca5   Thumb Code   160  fopen.o(.text)
    fopen                                    0x08000d45   Thumb Code    74  fopen.o(.text)
    _fclose_internal                         0x08000d95   Thumb Code    76  fclose.o(.text)
    fclose                                   0x08000d95   Thumb Code     0  fclose.o(.text)
    exit                                     0x08000de1   Thumb Code    18  exit.o(.text)
    __sig_exit                               0x08000df3   Thumb Code    10  defsig_exit.o(.text)
    __rt_SIGABRT_inner                       0x08000dfd   Thumb Code    14  defsig_abrt_inner.o(.text)
    __rt_SIGRTRED                            0x08000e2d   Thumb Code    14  defsig_rtred_outer.o(.text)
    __assert_puts                            0x08000e3d   Thumb Code    18  assert_stdio.o(.text)
    __aeabi_memclr4                          0x08000e55   Thumb Code     0  rt_memclr_w.o(.text)
    __aeabi_memclr8                          0x08000e55   Thumb Code     0  rt_memclr_w.o(.text)
    __rt_memclr_w                            0x08000e55   Thumb Code     0  rt_memclr_w.o(.text)
    _memset_w                                0x08000e59   Thumb Code    74  rt_memclr_w.o(.text)
    __rt_heap_descriptor                     0x08000ea5   Thumb Code     8  rt_heap_descriptor_intlibspace.o(.text)
    __use_no_heap                            0x08000ead   Thumb Code     2  hguard.o(.text)
    __heap$guard                             0x08000eaf   Thumb Code     2  hguard.o(.text)
    _terminate_user_alloc                    0x08000eb1   Thumb Code     2  init_alloc.o(.text)
    _init_user_alloc                         0x08000eb3   Thumb Code     2  init_alloc.o(.text)
    __Heap_Full                              0x08000eb5   Thumb Code    34  init_alloc.o(.text)
    __Heap_Broken                            0x08000ed7   Thumb Code     6  init_alloc.o(.text)
    _init_alloc                              0x08000edd   Thumb Code    94  init_alloc.o(.text)
    __Heap_Initialize                        0x08000f3b   Thumb Code    10  h1_init.o(.text)
    __Heap_DescSize                          0x08000f45   Thumb Code     4  h1_init.o(.text)
    _do_fflush                               0x08000f49   Thumb Code    54  fflush.o(.text)
    fflush                                   0x08000f7f   Thumb Code    42  fflush.o(.text)
    fputs                                    0x08000fad   Thumb Code    34  fputs.o(.text)
    _fseek                                   0x08000fd1   Thumb Code   242  fseek.o(.text)
    fseek                                    0x08000fd1   Thumb Code     0  fseek.o(.text)
    __default_signal_display                 0x080010c9   Thumb Code    50  defsig_general.o(.text)
    __rt_SIGRTRED_inner                      0x080010fd   Thumb Code    14  defsig_rtred_inner.o(.text)
    __Heap_ProvideMemory                     0x08001131   Thumb Code    52  h1_extend.o(.text)
    _maybe_terminate_alloc                   0x08001131   Thumb Code     0  maybetermalloc1.o(.text)
    _ftell_internal                          0x08001165   Thumb Code    66  ftell.o(.text)
    ftell                                    0x08001165   Thumb Code     0  ftell.o(.text)
    __rt_SIGRTMEM                            0x080011a7   Thumb Code    14  defsig_rtmem_outer.o(.text)
    __rt_SIGRTMEM_inner                      0x080011b5   Thumb Code    22  defsig_rtmem_inner.o(.text)
    AMCOM_Deserialize                        0x08001205   Thumb Code   324  amcom.o(.text.AMCOM_Deserialize)
    AMCOM_InitReceiver                       0x08001349   Thumb Code     6  amcom.o(.text.AMCOM_InitReceiver)
    AMCOM_Serialize                          0x08001351   Thumb Code   104  amcom.o(.text.AMCOM_Serialize)
    HAL_GPIO_Init                            0x080013d1   Thumb Code   410  stm32f4xx_hal_gpio.o(.text.HAL_GPIO_Init)
    HAL_Init                                 0x0800156d   Thumb Code    46  stm32f4xx_hal.o(.text.HAL_Init)
    HAL_InitTick                             0x0800159d   Thumb Code    80  stm32f4xx_hal.o(.text.HAL_InitTick)
    HAL_MspInit                              0x080015ed   Thumb Code     2  stm32f4xx_hal.o(.text.HAL_MspInit)
    HAL_NVIC_EnableIRQ                       0x080015f1   Thumb Code     8  stm32f4xx_hal_cortex.o(.text.HAL_NVIC_EnableIRQ)
    HAL_NVIC_SetPriority                     0x080015f9   Thumb Code    30  stm32f4xx_hal_cortex.o(.text.HAL_NVIC_SetPriority)
    HAL_NVIC_SetPriorityGrouping             0x08001619   Thumb Code     8  stm32f4xx_hal_cortex.o(.text.HAL_NVIC_SetPriorityGrouping)
    HAL_RCC_GetHCLKFreq                      0x08001621   Thumb Code    12  stm32f4xx_hal_rcc.o(.text.HAL_RCC_GetHCLKFreq)
    HAL_RCC_GetPCLK1Freq                     0x0800162d   Thumb Code    34  stm32f4xx_hal_rcc.o(.text.HAL_RCC_GetPCLK1Freq)
    HAL_RCC_GetPCLK2Freq                     0x08001651   Thumb Code    34  stm32f4xx_hal_rcc.o(.text.HAL_RCC_GetPCLK2Freq)
    HAL_SYSTICK_Config                       0x08001675   Thumb Code     8  stm32f4xx_hal_cortex.o(.text.HAL_SYSTICK_Config)
    HAL_UART_Init                            0x0800167d   Thumb Code    94  stm32f4xx_hal_uart.o(.text.HAL_UART_Init)
    HAL_UART_MspInit                         0x080016dd   Thumb Code   144  usart.o(.text.HAL_UART_MspInit)
    ITM_SendChar                             0x0800176d   Thumb Code    46  retarget_io.o(.text.ITM_SendChar)
    RingBuffer_GetChar                       0x080017c9   Thumb Code   108  ring_buffer.o(.text.RingBuffer_GetChar)
    RingBuffer_Init                          0x08001839   Thumb Code    84  ring_buffer.o(.text.RingBuffer_Init)
    RingBuffer_PutChar                       0x080018ad   Thumb Code    86  ring_buffer.o(.text.RingBuffer_PutChar)
    SysTick_Handler                          0x08001935   Thumb Code     2  main.o(.text.SysTick_Handler)
    SystemInit                               0x08001939   Thumb Code    26  system_stm32f4xx.o(.text.SystemInit)
    USART1_IRQHandler                        0x08001ac1   Thumb Code   130  usart.o(.text.USART1_IRQHandler)
    USART_Init                               0x08001b45   Thumb Code   128  usart.o(.text.USART_Init)
    USART_PutChar                            0x08001bd9   Thumb Code    46  usart.o(.text.USART_PutChar)
    USART_ReadData                           0x08001c09   Thumb Code    54  usart.o(.text.USART_ReadData)
    USART_WriteData                          0x08001c41   Thumb Code    34  usart.o(.text.USART_WriteData)
    _sys_close                               0x08001cd9   Thumb Code    18  retarget_io.o(.text._sys_close)
    _sys_flen                                0x08001ced   Thumb Code     4  retarget_io.o(.text._sys_flen)
    _sys_istty                               0x08001cf1   Thumb Code    16  retarget_io.o(.text._sys_istty)
    _sys_open                                0x08001d01   Thumb Code    76  retarget_io.o(.text._sys_open)
    _sys_seek                                0x08001d65   Thumb Code     6  retarget_io.o(.text._sys_seek)
    _sys_write                               0x08001d6d   Thumb Code    46  retarget_io.o(.text._sys_write)
    amcomPacketHandler                       0x08001d9d   Thumb Code  1084  main.o(.text.amcomPacketHandler)
    main                                     0x0800224d   Thumb Code    66  main.o(.text.main)
    __ARM_fpclassifyf                        0x08002299   Thumb Code    38  fpclassifyf.o(i.__ARM_fpclassifyf)
    __hardfp_atan2f                          0x080022c1   Thumb Code   594  atan2f.o(i.__hardfp_atan2f)
    __hardfp_sqrtf                           0x0800256d   Thumb Code    58  sqrtf.o(i.__hardfp_sqrtf)
    __mathlib_flt_infnan2                    0x080025a7   Thumb Code     6  funder.o(i.__mathlib_flt_infnan2)
    __mathlib_flt_underflow                  0x080025ad   Thumb Code    10  funder.o(i.__mathlib_flt_underflow)
    fputc                                    0x080025bd   Thumb Code    26  fputc.o(i.fputc)
    _fp_init                                 0x080025d7   Thumb Code    26  fpinit.o(x$fpl$fpinit)
    __fplib_config_fpu_vfp                   0x080025ef   Thumb Code     0  fpinit.o(x$fpl$fpinit)
    __fplib_config_pureend_doubles           0x080025ef   Thumb Code     0  fpinit.o(x$fpl$fpinit)
    APBPrescTable                            0x080025f0   Data           8  system_stm32f4xx.o(.rodata.APBPrescTable)
    __I$use$fp                               0x080025f0   Number         0  usenofp.o(x$fpl$usenofp)
    __stderr_name                            0x080025f8   Data           8  retarget_io.o(.rodata.__stderr_name)
    __stdin_name                             0x08002600   Data           7  retarget_io.o(.rodata.__stdin_name)
    __stdout_name                            0x08002607   Data           8  retarget_io.o(.rodata.__stdout_name)
    Region$$Table$$Base                      0x0800266c   Number         0  anon$$obj.o(Region$$Table)
    Region$$Table$$Limit                     0x0800268c   Number         0  anon$$obj.o(Region$$Table)
    __aeabi_stdin                            0x20000000   Data           4  stdio_streams.o(.data)
    __aeabi_stdout                           0x20000004   Data           4  stdio_streams.o(.data)
    __aeabi_stderr                           0x20000008   Data           4  stdio_streams.o(.data)
    SystemCoreClock                          0x2000000c   Data           4  system_stm32f4xx.o(.data.SystemCoreClock)
    first_iter_food                          0x20000010   Data           1  main.o(.data.first_iter_food)
    first_iter_player                        0x20000011   Data           1  main.o(.data.first_iter_player)
    uwTickFreq                               0x20000012   Data           1  stm32f4xx_hal.o(.data.uwTickFreq)
    uwTickPrio                               0x20000014   Data           4  stm32f4xx_hal.o(.data.uwTickPrio)
    __stdin                                  0x20000018   Data          84  stdio_streams.o(.bss)
    __stdout                                 0x2000006c   Data          84  stdio_streams.o(.bss)
    __stderr                                 0x200000c0   Data          84  stdio_streams.o(.bss)
    __libspace_start                         0x20000114   Data          96  libspace.o(.bss)
    __temporary_stack_top$libspace           0x20000174   Data           0  libspace.o(.bss)



==============================================================================

Memory Map of the image

  Image Entry point : 0x080001ad

  Load Region LR_IROM1 (Base: 0x08000000, Size: 0x000026a8, Max: 0x00200000, ABSOLUTE)

    Execution Region ER_IROM1 (Exec base: 0x08000000, Load base: 0x08000000, Size: 0x0000268c, Max: 0x00200000, ABSOLUTE)

    Exec Addr    Load Addr    Size         Type   Attr      Idx    E Section Name        Object

    0x08000000   0x08000000   0x000001ac   Data   RO          701    RESET               startup_stm32f429xx.o
    0x080001ac   0x080001ac   0x00000008   Code   RO          771  * !!!main             c_w.l(__main.o)
    0x080001b4   0x080001b4   0x00000034   Code   RO         1172    !!!scatter          c_w.l(__scatter.o)
    0x080001e8   0x080001e8   0x0000001a   Code   RO         1174    !!handler_copy      c_w.l(__scatter_copy.o)
    0x08000202   0x08000202   0x00000002   PAD
    0x08000204   0x08000204   0x0000001c   Code   RO         1176    !!handler_zi        c_w.l(__scatter_zi.o)
    0x08000220   0x08000220   0x00000000   Code   RO          760    .ARM.Collect$$_printf_percent$$00000000  c_w.l(_printf_percent.o)
    0x08000220   0x08000220   0x00000006   Code   RO          759    .ARM.Collect$$_printf_percent$$00000009  c_w.l(_printf_d.o)
    0x08000226   0x08000226   0x00000004   Code   RO          800    .ARM.Collect$$_printf_percent$$00000017  c_w.l(_printf_percent_end.o)
    0x0800022a   0x0800022a   0x00000002   Code   RO         1000    .ARM.Collect$$libinit$$00000000  c_w.l(libinit.o)
    0x0800022c   0x0800022c   0x00000004   Code   RO         1001    .ARM.Collect$$libinit$$00000001  c_w.l(libinit2.o)
    0x08000230   0x08000230   0x00000000   Code   RO         1004    .ARM.Collect$$libinit$$00000004  c_w.l(libinit2.o)
    0x08000230   0x08000230   0x00000008   Code   RO         1005    .ARM.Collect$$libinit$$00000005  c_w.l(libinit2.o)
    0x08000238   0x08000238   0x00000000   Code   RO         1007    .ARM.Collect$$libinit$$0000000A  c_w.l(libinit2.o)
    0x08000238   0x08000238   0x00000000   Code   RO         1009    .ARM.Collect$$libinit$$0000000C  c_w.l(libinit2.o)
    0x08000238   0x08000238   0x00000000   Code   RO         1011    .ARM.Collect$$libinit$$0000000E  c_w.l(libinit2.o)
    0x08000238   0x08000238   0x00000000   Code   RO         1014    .ARM.Collect$$libinit$$00000011  c_w.l(libinit2.o)
    0x08000238   0x08000238   0x00000000   Code   RO         1016    .ARM.Collect$$libinit$$00000013  c_w.l(libinit2.o)
    0x08000238   0x08000238   0x00000000   Code   RO         1018    .ARM.Collect$$libinit$$00000015  c_w.l(libinit2.o)
    0x08000238   0x08000238   0x00000000   Code   RO         1020    .ARM.Collect$$libinit$$00000017  c_w.l(libinit2.o)
    0x08000238   0x08000238   0x00000000   Code   RO         1022    .ARM.Collect$$libinit$$00000019  c_w.l(libinit2.o)
    0x08000238   0x08000238   0x00000000   Code   RO         1024    .ARM.Collect$$libinit$$0000001B  c_w.l(libinit2.o)
    0x08000238   0x08000238   0x00000000   Code   RO         1026    .ARM.Collect$$libinit$$0000001D  c_w.l(libinit2.o)
    0x08000238   0x08000238   0x00000000   Code   RO         1028    .ARM.Collect$$libinit$$0000001F  c_w.l(libinit2.o)
    0x08000238   0x08000238   0x00000000   Code   RO         1030    .ARM.Collect$$libinit$$00000021  c_w.l(libinit2.o)
    0x08000238   0x08000238   0x00000000   Code   RO         1032    .ARM.Collect$$libinit$$00000023  c_w.l(libinit2.o)
    0x08000238   0x08000238   0x00000004   Code   RO         1033    .ARM.Collect$$libinit$$00000024  c_w.l(libinit2.o)
    0x0800023c   0x0800023c   0x00000000   Code   RO         1034    .ARM.Collect$$libinit$$00000025  c_w.l(libinit2.o)
    0x0800023c   0x0800023c   0x00000000   Code   RO         1038    .ARM.Collect$$libinit$$0000002C  c_w.l(libinit2.o)
    0x0800023c   0x0800023c   0x00000000   Code   RO         1040    .ARM.Collect$$libinit$$0000002E  c_w.l(libinit2.o)
    0x0800023c   0x0800023c   0x00000000   Code   RO         1042    .ARM.Collect$$libinit$$00000030  c_w.l(libinit2.o)
    0x0800023c   0x0800023c   0x00000000   Code   RO         1044    .ARM.Collect$$libinit$$00000032  c_w.l(libinit2.o)
    0x0800023c   0x0800023c   0x00000002   Code   RO         1045    .ARM.Collect$$libinit$$00000033  c_w.l(libinit2.o)
    0x0800023e   0x0800023e   0x00000002   Code   RO         1165    .ARM.Collect$$libshutdown$$00000000  c_w.l(libshutdown.o)
    0x08000240   0x08000240   0x00000000   Code   RO         1047    .ARM.Collect$$libshutdown$$00000002  c_w.l(libshutdown2.o)
    0x08000240   0x08000240   0x00000004   Code   RO         1048    .ARM.Collect$$libshutdown$$00000003  c_w.l(libshutdown2.o)
    0x08000244   0x08000244   0x00000000   Code   RO         1049    .ARM.Collect$$libshutdown$$00000004  c_w.l(libshutdown2.o)
    0x08000244   0x08000244   0x00000000   Code   RO         1052    .ARM.Collect$$libshutdown$$00000007  c_w.l(libshutdown2.o)
    0x08000244   0x08000244   0x00000000   Code   RO         1055    .ARM.Collect$$libshutdown$$0000000A  c_w.l(libshutdown2.o)
    0x08000244   0x08000244   0x00000000   Code   RO         1057    .ARM.Collect$$libshutdown$$0000000C  c_w.l(libshutdown2.o)
    0x08000244   0x08000244   0x00000000   Code   RO         1060    .ARM.Collect$$libshutdown$$0000000F  c_w.l(libshutdown2.o)
    0x08000244   0x08000244   0x00000002   Code   RO         1061    .ARM.Collect$$libshutdown$$00000010  c_w.l(libshutdown2.o)
    0x08000246   0x08000246   0x00000000   Code   RO          785    .ARM.Collect$$rtentry$$00000000  c_w.l(__rtentry.o)
    0x08000246   0x08000246   0x00000000   Code   RO          843    .ARM.Collect$$rtentry$$00000002  c_w.l(__rtentry2.o)
    0x08000246   0x08000246   0x00000006   Code   RO          855    .ARM.Collect$$rtentry$$00000004  c_w.l(__rtentry4.o)
    0x0800024c   0x0800024c   0x00000000   Code   RO          845    .ARM.Collect$$rtentry$$00000009  c_w.l(__rtentry2.o)
    0x0800024c   0x0800024c   0x00000004   Code   RO          846    .ARM.Collect$$rtentry$$0000000A  c_w.l(__rtentry2.o)
    0x08000250   0x08000250   0x00000000   Code   RO          848    .ARM.Collect$$rtentry$$0000000C  c_w.l(__rtentry2.o)
    0x08000250   0x08000250   0x00000008   Code   RO          849    .ARM.Collect$$rtentry$$0000000D  c_w.l(__rtentry2.o)
    0x08000258   0x08000258   0x00000002   Code   RO         1062    .ARM.Collect$$rtexit$$00000000  c_w.l(rtexit.o)
    0x0800025a   0x0800025a   0x00000000   Code   RO         1120    .ARM.Collect$$rtexit$$00000002  c_w.l(rtexit2.o)
    0x0800025a   0x0800025a   0x00000004   Code   RO         1121    .ARM.Collect$$rtexit$$00000003  c_w.l(rtexit2.o)
    0x0800025e   0x0800025e   0x00000006   Code   RO         1122    .ARM.Collect$$rtexit$$00000004  c_w.l(rtexit2.o)
    0x08000264   0x08000264   0x00000040   Code   RO          702    .text               startup_stm32f429xx.o
    0x080002a4   0x080002a4   0x000000f0   Code   RO          725    .text               c_w.l(lludivv7m.o)
    0x08000394   0x08000394   0x00000018   Code   RO          731    .text               c_w.l(noretval__2printf.o)
    0x080003ac   0x080003ac   0x00000028   Code   RO          733    .text               c_w.l(noretval__2sprintf.o)
    0x080003d4   0x080003d4   0x00000068   Code   RO          735    .text               c_w.l(__printf.o)
    0x0800043c   0x0800043c   0x00000078   Code   RO          737    .text               c_w.l(_printf_dec.o)
    0x080004b4   0x080004b4   0x0000002c   Code   RO          761    .text               c_w.l(puts.o)
    0x080004e0   0x080004e0   0x00000080   Code   RO          763    .text               c_w.l(assert.o)
    0x08000560   0x08000560   0x0000007c   Code   RO          767    .text               c_w.l(strcmpv7em.o)
    0x080005dc   0x080005dc   0x00000006   Code   RO          769    .text               c_w.l(heapauxi.o)
    0x080005e2   0x080005e2   0x00000016   Code   RO          790    .text               c_w.l(_rserrno.o)
    0x080005f8   0x080005f8   0x000000b2   Code   RO          792    .text               c_w.l(_printf_intcommon.o)
    0x080006aa   0x080006aa   0x00000002   PAD
    0x080006ac   0x080006ac   0x00000030   Code   RO          794    .text               c_w.l(_printf_char_common.o)
    0x080006dc   0x080006dc   0x0000000a   Code   RO          796    .text               c_w.l(_sputc.o)
    0x080006e6   0x080006e6   0x00000002   PAD
    0x080006e8   0x080006e8   0x00000024   Code   RO          798    .text               c_w.l(_printf_char_file.o)
    0x0800070c   0x0800070c   0x00000016   Code   RO          813    .text               c_w.l(abort.o)
    0x08000722   0x08000722   0x0000000e   Code   RO          834    .text               c_w.l(sys_wrch.o)
    0x08000730   0x08000730   0x0000000c   Code   RO          836    .text               c_w.l(sys_exit.o)
    0x0800073c   0x0800073c   0x00000008   Code   RO          862    .text               c_w.l(rt_errno_addr_intlibspace.o)
    0x08000744   0x08000744   0x00000008   Code   RO          866    .text               c_w.l(ferror.o)
    0x0800074c   0x0800074c   0x000001d6   Code   RO          868    .text               c_w.l(flsbuf.o)
    0x08000922   0x08000922   0x00000002   PAD
    0x08000924   0x08000924   0x00000138   Code   RO          870    .text               c_w.l(initio.o)
    0x08000a5c   0x08000a5c   0x0000000e   Code   RO          876    .text               c_w.l(defsig_abrt_outer.o)
    0x08000a6a   0x08000a6a   0x00000002   PAD
    0x08000a6c   0x08000a6c   0x00000008   Code   RO          882    .text               c_w.l(libspace.o)
    0x08000a74   0x08000a74   0x00000002   Code   RO          885    .text               c_w.l(use_no_semi.o)
    0x08000a76   0x08000a76   0x00000000   Code   RO          889    .text               c_w.l(indicate_semi.o)
    0x08000a76   0x08000a76   0x0000004a   Code   RO          890    .text               c_w.l(sys_stackheap_outer.o)
    0x08000ac0   0x08000ac0   0x0000005e   Code   RO          898    .text               c_w.l(h1_alloc.o)
    0x08000b1e   0x08000b1e   0x0000004e   Code   RO          900    .text               c_w.l(h1_free.o)
    0x08000b6c   0x08000b6c   0x00000046   Code   RO          958    .text               c_w.l(setvbuf.o)
    0x08000bb2   0x08000bb2   0x00000002   PAD
    0x08000bb4   0x08000bb4   0x000000f0   Code   RO          960    .text               c_w.l(stdio.o)
    0x08000ca4   0x08000ca4   0x000000f0   Code   RO          965    .text               c_w.l(fopen.o)
    0x08000d94   0x08000d94   0x0000004c   Code   RO          967    .text               c_w.l(fclose.o)
    0x08000de0   0x08000de0   0x00000012   Code   RO          977    .text               c_w.l(exit.o)
    0x08000df2   0x08000df2   0x0000000a   Code   RO          979    .text               c_w.l(defsig_exit.o)
    0x08000dfc   0x08000dfc   0x00000030   Code   RO          981    .text               c_w.l(defsig_abrt_inner.o)
    0x08000e2c   0x08000e2c   0x0000000e   Code   RO          987    .text               c_w.l(defsig_rtred_outer.o)
    0x08000e3a   0x08000e3a   0x00000002   PAD
    0x08000e3c   0x08000e3c   0x00000018   Code   RO          991    .text               c_w.l(assert_stdio.o)
    0x08000e54   0x08000e54   0x0000004e   Code   RO          993    .text               c_w.l(rt_memclr_w.o)
    0x08000ea2   0x08000ea2   0x00000002   PAD
    0x08000ea4   0x08000ea4   0x00000008   Code   RO         1067    .text               c_w.l(rt_heap_descriptor_intlibspace.o)
    0x08000eac   0x08000eac   0x00000004   Code   RO         1069    .text               c_w.l(hguard.o)
    0x08000eb0   0x08000eb0   0x0000008a   Code   RO         1071    .text               c_w.l(init_alloc.o)
    0x08000f3a   0x08000f3a   0x0000000e   Code   RO         1075    .text               c_w.l(h1_init.o)
    0x08000f48   0x08000f48   0x00000064   Code   RO         1087    .text               c_w.l(fflush.o)
    0x08000fac   0x08000fac   0x00000022   Code   RO         1089    .text               c_w.l(fputs.o)
    0x08000fce   0x08000fce   0x00000002   PAD
    0x08000fd0   0x08000fd0   0x000000f8   Code   RO         1091    .text               c_w.l(fseek.o)
    0x080010c8   0x080010c8   0x00000032   Code   RO         1099    .text               c_w.l(defsig_general.o)
    0x080010fa   0x080010fa   0x00000002   PAD
    0x080010fc   0x080010fc   0x00000034   Code   RO         1103    .text               c_w.l(defsig_rtred_inner.o)
    0x08001130   0x08001130   0x00000000   Code   RO         1128    .text               c_w.l(maybetermalloc1.o)
    0x08001130   0x08001130   0x00000034   Code   RO         1130    .text               c_w.l(h1_extend.o)
    0x08001164   0x08001164   0x00000042   Code   RO         1134    .text               c_w.l(ftell.o)
    0x080011a6   0x080011a6   0x0000000e   Code   RO         1136    .text               c_w.l(defsig_rtmem_outer.o)
    0x080011b4   0x080011b4   0x00000050   Code   RO         1151    .text               c_w.l(defsig_rtmem_inner.o)
    0x08001204   0x08001204   0x00000144   Code   RO           95    .text.AMCOM_Deserialize  amcom.o
    0x08001348   0x08001348   0x00000006   Code   RO           89    .text.AMCOM_InitReceiver  amcom.o
    0x0800134e   0x0800134e   0x00000002   PAD
    0x08001350   0x08001350   0x00000068   Code   RO           91    .text.AMCOM_Serialize  amcom.o
    0x080013b8   0x080013b8   0x00000018   Code   RO           93    .text.AMCOM_UpdateCRC  amcom.o
    0x080013d0   0x080013d0   0x0000019a   Code   RO          334    .text.HAL_GPIO_Init  stm32f4xx_hal_gpio.o
    0x0800156a   0x0800156a   0x00000002   PAD
    0x0800156c   0x0800156c   0x0000002e   Code   RO          139    .text.HAL_Init      stm32f4xx_hal.o
    0x0800159a   0x0800159a   0x00000002   PAD
    0x0800159c   0x0800159c   0x00000050   Code   RO          141    .text.HAL_InitTick  stm32f4xx_hal.o
    0x080015ec   0x080015ec   0x00000002   Code   RO          143    .text.HAL_MspInit   stm32f4xx_hal.o
    0x080015ee   0x080015ee   0x00000002   PAD
    0x080015f0   0x080015f0   0x00000008   Code   RO          220    .text.HAL_NVIC_EnableIRQ  stm32f4xx_hal_cortex.o
    0x080015f8   0x080015f8   0x0000001e   Code   RO          212    .text.HAL_NVIC_SetPriority  stm32f4xx_hal_cortex.o
    0x08001616   0x08001616   0x00000002   PAD
    0x08001618   0x08001618   0x00000008   Code   RO          208    .text.HAL_NVIC_SetPriorityGrouping  stm32f4xx_hal_cortex.o
    0x08001620   0x08001620   0x0000000c   Code   RO          440    .text.HAL_RCC_GetHCLKFreq  stm32f4xx_hal_rcc.o
    0x0800162c   0x0800162c   0x00000022   Code   RO          442    .text.HAL_RCC_GetPCLK1Freq  stm32f4xx_hal_rcc.o
    0x0800164e   0x0800164e   0x00000002   PAD
    0x08001650   0x08001650   0x00000022   Code   RO          444    .text.HAL_RCC_GetPCLK2Freq  stm32f4xx_hal_rcc.o
    0x08001672   0x08001672   0x00000002   PAD
    0x08001674   0x08001674   0x00000008   Code   RO          232    .text.HAL_SYSTICK_Config  stm32f4xx_hal_cortex.o
    0x0800167c   0x0800167c   0x0000005e   Code   RO          486    .text.HAL_UART_Init  stm32f4xx_hal_uart.o
    0x080016da   0x080016da   0x00000002   PAD
    0x080016dc   0x080016dc   0x00000090   Code   RO           68    .text.HAL_UART_MspInit  usart.o
    0x0800176c   0x0800176c   0x0000002e   Code   RO          107    .text.ITM_SendChar  retarget_io.o
    0x0800179a   0x0800179a   0x00000002   PAD
    0x0800179c   0x0800179c   0x0000002c   Code   RO          218    .text.NVIC_EncodePriority  stm32f4xx_hal_cortex.o
    0x080017c8   0x080017c8   0x00000070   Code   RO           43    .text.RingBuffer_GetChar  ring_buffer.o
    0x08001838   0x08001838   0x00000074   Code   RO           31    .text.RingBuffer_Init  ring_buffer.o
    0x080018ac   0x080018ac   0x00000056   Code   RO           41    .text.RingBuffer_PutChar  ring_buffer.o
    0x08001902   0x08001902   0x00000002   PAD
    0x08001904   0x08001904   0x0000002e   Code   RO          234    .text.SysTick_Config  stm32f4xx_hal_cortex.o
    0x08001932   0x08001932   0x00000002   PAD
    0x08001934   0x08001934   0x00000002   Code   RO            2    .text.SysTick_Handler  main.o
    0x08001936   0x08001936   0x00000002   PAD
    0x08001938   0x08001938   0x0000001a   Code   RO          709    .text.SystemInit    system_stm32f4xx.o
    0x08001952   0x08001952   0x00000002   PAD
    0x08001954   0x08001954   0x0000016c   Code   RO          490    .text.UART_SetConfig  stm32f4xx_hal_uart.o
    0x08001ac0   0x08001ac0   0x00000082   Code   RO           66    .text.USART1_IRQHandler  usart.o
    0x08001b42   0x08001b42   0x00000002   PAD
    0x08001b44   0x08001b44   0x00000094   Code   RO           72    .text.USART_Init    usart.o
    0x08001bd8   0x08001bd8   0x0000002e   Code   RO           54    .text.USART_PutChar  usart.o
    0x08001c06   0x08001c06   0x00000002   PAD
    0x08001c08   0x08001c08   0x00000036   Code   RO           62    .text.USART_ReadData  usart.o
    0x08001c3e   0x08001c3e   0x00000002   PAD
    0x08001c40   0x08001c40   0x00000022   Code   RO           56    .text.USART_WriteData  usart.o
    0x08001c62   0x08001c62   0x00000002   PAD
    0x08001c64   0x08001c64   0x00000020   Code   RO          222    .text.__NVIC_EnableIRQ  stm32f4xx_hal_cortex.o
    0x08001c84   0x08001c84   0x00000010   Code   RO          214    .text.__NVIC_GetPriorityGrouping  stm32f4xx_hal_cortex.o
    0x08001c94   0x08001c94   0x00000022   Code   RO          216    .text.__NVIC_SetPriority  stm32f4xx_hal_cortex.o
    0x08001cb6   0x08001cb6   0x00000002   PAD
    0x08001cb8   0x08001cb8   0x00000020   Code   RO          210    .text.__NVIC_SetPriorityGrouping  stm32f4xx_hal_cortex.o
    0x08001cd8   0x08001cd8   0x00000012   Code   RO          113    .text._sys_close    retarget_io.o
    0x08001cea   0x08001cea   0x00000002   PAD
    0x08001cec   0x08001cec   0x00000004   Code   RO          125    .text._sys_flen     retarget_io.o
    0x08001cf0   0x08001cf0   0x00000010   Code   RO          121    .text._sys_istty    retarget_io.o
    0x08001d00   0x08001d00   0x00000064   Code   RO          111    .text._sys_open     retarget_io.o
    0x08001d64   0x08001d64   0x00000006   Code   RO          123    .text._sys_seek     retarget_io.o
    0x08001d6a   0x08001d6a   0x00000002   PAD
    0x08001d6c   0x08001d6c   0x0000002e   Code   RO          115    .text._sys_write    retarget_io.o
    0x08001d9a   0x08001d9a   0x00000002   PAD
    0x08001d9c   0x08001d9c   0x000004b0   Code   RO            4    .text.amcomPacketHandler  main.o
    0x0800224c   0x0800224c   0x00000042   Code   RO            6    .text.main          main.o
    0x0800228e   0x0800228e   0x00000002   PAD
    0x08002290   0x08002290   0x00000008   Code   RO          117    .text.stdout_putchar  retarget_io.o
    0x08002298   0x08002298   0x00000026   Code   RO          818    i.__ARM_fpclassifyf  m_wm.l(fpclassifyf.o)
    0x080022be   0x080022be   0x00000002   PAD
    0x080022c0   0x080022c0   0x000002ac   Code   RO          773    i.__hardfp_atan2f   m_wm.l(atan2f.o)
    0x0800256c   0x0800256c   0x0000003a   Code   RO          779    i.__hardfp_sqrtf    m_wm.l(sqrtf.o)
    0x080025a6   0x080025a6   0x00000006   Code   RO          822    i.__mathlib_flt_infnan2  m_wm.l(funder.o)
    0x080025ac   0x080025ac   0x00000010   Code   RO          826    i.__mathlib_flt_underflow  m_wm.l(funder.o)
    0x080025bc   0x080025bc   0x0000001a   Code   RO          802    i.fputc             c_w.l(fputc.o)
    0x080025d6   0x080025d6   0x0000001a   Code   RO         1113    x$fpl$fpinit        fz_wm.l(fpinit.o)
    0x080025f0   0x080025f0   0x00000000   Code   RO          817    x$fpl$usenofp       fz_wm.l(usenofp.o)
    0x080025f0   0x080025f0   0x00000008   Data   RO          715    .rodata.APBPrescTable  system_stm32f4xx.o
    0x080025f8   0x080025f8   0x00000008   Data   RO          130    .rodata.__stderr_name  retarget_io.o
    0x08002600   0x08002600   0x00000007   Data   RO          128    .rodata.__stdin_name  retarget_io.o
    0x08002607   0x08002607   0x00000008   Data   RO          129    .rodata.__stdout_name  retarget_io.o
    0x0800260f   0x0800260f   0x00000038   Data   RO           21    .rodata.str1.1      main.o
    0x08002647   0x08002647   0x00000025   Data   RO           45    .rodata.str1.1      ring_buffer.o
    0x0800266c   0x0800266c   0x00000020   Data   RO         1171    Region$$Table       anon$$obj.o


    Execution Region RW_IRAM1 (Exec base: 0x20000000, Load base: 0x08002690, Size: 0x000017e0, Max: 0x00030000, ABSOLUTE)

    Exec Addr    Load Addr    Size         Type   Attr      Idx    E Section Name        Object

    0x20000000   0x08002690   0x00000004   Data   RW          808    .data               c_w.l(stdio_streams.o)
    0x20000004   0x08002694   0x00000004   Data   RW          809    .data               c_w.l(stdio_streams.o)
    0x20000008   0x08002698   0x00000004   Data   RW          810    .data               c_w.l(stdio_streams.o)
    0x2000000c   0x0800269c   0x00000004   Data   RW          713    .data.SystemCoreClock  system_stm32f4xx.o
    0x20000010   0x080026a0   0x00000001   Data   RW            8    .data.first_iter_food  main.o
    0x20000011   0x080026a1   0x00000001   Data   RW            9    .data.first_iter_player  main.o
    0x20000012   0x080026a2   0x00000001   Data   RW          198    .data.uwTickFreq    stm32f4xx_hal.o
    0x20000013   0x080026a3   0x00000001   PAD
    0x20000014   0x080026a4   0x00000004   Data   RW          197    .data.uwTickPrio    stm32f4xx_hal.o
    0x20000018        -       0x00000054   Zero   RW          805    .bss                c_w.l(stdio_streams.o)
    0x2000006c        -       0x00000054   Zero   RW          806    .bss                c_w.l(stdio_streams.o)
    0x200000c0        -       0x00000054   Zero   RW          807    .bss                c_w.l(stdio_streams.o)
    0x20000114        -       0x00000060   Zero   RW          883    .bss                c_w.l(libspace.o)
    0x20000174        -       0x00000400   Zero   RW           78    .bss.RingBufferData_Rx  usart.o
    0x20000574        -       0x00000400   Zero   RW           77    .bss.RingBufferData_Tx  usart.o
    0x20000974        -       0x00000014   Zero   RW           76    .bss.USART_RingBuffer_Rx  usart.o
    0x20000988        -       0x00000014   Zero   RW           74    .bss.USART_RingBuffer_Tx  usart.o
    0x2000099c        -       0x00000040   Zero   RW           75    .bss.UartHandle     usart.o
    0x200009dc        -       0x000000b0   Zero   RW           12    .bss.amcomPacketHandler.foodupdateRequestPayload  main.o
    0x20000a8c        -       0x00000004   Zero   RW           19    .bss.amcomPacketHandler.moveRequestPayload.0  main.o
    0x20000a90        -       0x00000004   Zero   RW           20    .bss.amcomPacketHandler.moveRequestPayload.1  main.o
    0x20000a94        -       0x00000004   Zero   RW           14    .bss.amcomPacketHandler.moveResponsePayload  main.o
    0x20000a98        -       0x00000001   Zero   RW           17    .bss.amcomPacketHandler.newgameRequestPayload.0  main.o
    0x20000a99        -       0x00000001   Zero   RW           18    .bss.amcomPacketHandler.newgameRequestPayload.1  main.o
    0x20000a9a   0x080026a8   0x00000002   PAD
    0x20000a9c        -       0x00000004   Zero   RW           13    .bss.amcomPacketHandler.number_of_foods  main.o
    0x20000aa0        -       0x00000004   Zero   RW           10    .bss.amcomPacketHandler.playerCounter  main.o
    0x20000aa4        -       0x00000058   Zero   RW           11    .bss.amcomPacketHandler.playerupdateRequestPayload  main.o
    0x20000afc        -       0x000000e0   Zero   RW           16    .bss.main.amcomReceiver  main.o
    0x20000bdc        -       0x00000200   Zero   RW           15    .bss.main.buf       main.o
    0x20000ddc   0x080026a8   0x00000004   PAD
    0x20000de0        -       0x00000200   Zero   RW          700    HEAP                startup_stm32f429xx.o
    0x20000fe0        -       0x00000800   Zero   RW          699    STACK               startup_stm32f429xx.o


==============================================================================

Image component sizes


      Code (inc. data)   RO Data    RW Data    ZI Data      Debug   Object Name

       458         10          0          0          0       3582   amcom.o
      1268        134         56          2       1022       6516   main.o
       244         24         23          0          0       3200   retarget_io.o
       314         36         37          0          0       2593   ring_buffer.o
        64         26        428          0       2560        912   startup_stm32f429xx.o
       128          0          0          5          0       8007   stm32f4xx_hal.o
       258          0          0          0          0      11224   stm32f4xx_hal_cortex.o
       410          0          0          0          0       5468   stm32f4xx_hal_gpio.o
        80          0          0          0          0       7657   stm32f4xx_hal_rcc.o
       458          0          0          0          0      17809   stm32f4xx_hal_uart.o
        26          0          8          4          0       2842   system_stm32f4xx.o
       556         20          0          0       2152       9512   usart.o

    ----------------------------------------------------------------------
      4308        250        584         12       5740      79322   Object Totals
         0          0         32          0          0          0   (incl. Generated)
        44          0          0          1          6          0   (incl. Padding)

    ----------------------------------------------------------------------

      Code (inc. data)   RO Data    RW Data    ZI Data      Debug   Library Member Name

         8          0          0          0          0         68   __main.o
       104          0          0          0          0         84   __printf.o
         0          0          0          0          0          0   __rtentry.o
        12          0          0          0          0          0   __rtentry2.o
         6          0          0          0          0          0   __rtentry4.o
        52          8          0          0          0          0   __scatter.o
        26          0          0          0          0          0   __scatter_copy.o
        28          0          0          0          0          0   __scatter_zi.o
        48          6          0          0          0         96   _printf_char_common.o
        36          4          0          0          0         80   _printf_char_file.o
         6          0          0          0          0          0   _printf_d.o
       120         16          0          0          0         92   _printf_dec.o
       178          0          0          0          0         88   _printf_intcommon.o
         0          0          0          0          0          0   _printf_percent.o
         4          0          0          0          0          0   _printf_percent_end.o
        22          0          0          0          0        100   _rserrno.o
        10          0          0          0          0         68   _sputc.o
        22          0          0          0          0         80   abort.o
       128         42          0          0          0         76   assert.o
        24          6          0          0          0         80   assert_stdio.o
        48         34          0          0          0         76   defsig_abrt_inner.o
        14          0          0          0          0         80   defsig_abrt_outer.o
        10          0          0          0          0         68   defsig_exit.o
        50          0          0          0          0         88   defsig_general.o
        80         58          0          0          0         76   defsig_rtmem_inner.o
        14          0          0          0          0         80   defsig_rtmem_outer.o
        52         38          0          0          0         76   defsig_rtred_inner.o
        14          0          0          0          0         80   defsig_rtred_outer.o
        18          0          0          0          0         80   exit.o
        76          0          0          0          0         88   fclose.o
         8          0          0          0          0         68   ferror.o
       100          4          0          0          0        120   fflush.o
       470          0          0          0          0         88   flsbuf.o
       240          6          0          0          0        128   fopen.o
        26          0          0          0          0         68   fputc.o
        34          0          0          0          0         80   fputs.o
       248          6          0          0          0         84   fseek.o
        66          0          0          0          0         76   ftell.o
        94          0          0          0          0         80   h1_alloc.o
        52          0          0          0          0         68   h1_extend.o
        78          0          0          0          0         80   h1_free.o
        14          0          0          0          0         84   h1_init.o
         6          0          0          0          0        152   heapauxi.o
         4          0          0          0          0        136   hguard.o
         0          0          0          0          0          0   indicate_semi.o
       138          0          0          0          0        168   init_alloc.o
       312         46          0          0          0        112   initio.o
         2          0          0          0          0          0   libinit.o
        18          0          0          0          0          0   libinit2.o
         2          0          0          0          0          0   libshutdown.o
         6          0          0          0          0          0   libshutdown2.o
         8          4          0          0         96         68   libspace.o
       240          0          0          0          0        100   lludivv7m.o
         0          0          0          0          0          0   maybetermalloc1.o
        24          4          0          0          0         84   noretval__2printf.o
        40          6          0          0          0         84   noretval__2sprintf.o
        44          4          0          0          0         84   puts.o
         8          4          0          0          0         68   rt_errno_addr_intlibspace.o
         8          4          0          0          0         68   rt_heap_descriptor_intlibspace.o
        78          0          0          0          0         80   rt_memclr_w.o
         2          0          0          0          0          0   rtexit.o
        10          0          0          0          0          0   rtexit2.o
        70          0          0          0          0         80   setvbuf.o
       240          6          0          0          0        156   stdio.o
         0          0          0         12        252          0   stdio_streams.o
       124          0          0          0          0         88   strcmpv7em.o
        12          4          0          0          0         68   sys_exit.o
        74          0          0          0          0         80   sys_stackheap_outer.o
        14          0          0          0          0         76   sys_wrch.o
         2          0          0          0          0         68   use_no_semi.o
        26          0          0          0          0        116   fpinit.o
         0          0          0          0          0          0   usenofp.o
       684         90          0          0          0        208   atan2f.o
        38          0          0          0          0        116   fpclassifyf.o
        22          6          0          0          0        232   funder.o
        58          0          0          0          0        136   sqrtf.o

    ----------------------------------------------------------------------
      4976        406          0         12        348       5356   Library Totals
        22          0          0          0          0          0   (incl. Padding)

    ----------------------------------------------------------------------

      Code (inc. data)   RO Data    RW Data    ZI Data      Debug   Library Name

      4126        310          0         12        348       4548   c_w.l
        26          0          0          0          0        116   fz_wm.l
       802         96          0          0          0        692   m_wm.l

    ----------------------------------------------------------------------
      4976        406          0         12        348       5356   Library Totals

    ----------------------------------------------------------------------

==============================================================================


      Code (inc. data)   RO Data    RW Data    ZI Data      Debug   

      9284        656        584         24       6088      81530   Grand Totals
      9284        656        584         24       6088      81530   ELF Image Totals
      9284        656        584         24          0          0   ROM Totals

==============================================================================

    Total RO  Size (Code + RO Data)                 9868 (   9.64kB)
    Total RW  Size (RW Data + ZI Data)              6112 (   5.97kB)
    Total ROM Size (Code + RO Data + RW Data)       9892 (   9.66kB)

==============================================================================

